2026-04-03 13:20:10,387 INFO Loaded 208 x_features from model_dir/run_config.yaml
2026-04-03 13:20:10,388 INFO Adjusting model.in_dim from 46 to 208 to match optimization feature contract.
2026-04-03 13:20:11,006 INFO constraint_block=input n_constraints=6 n_scalar=203
2026-04-03 13:20:11,006 INFO constraint_block=output n_constraints=5 n_scalar=24
2026-04-03 13:20:11,006 INFO constraint_block=nn n_constraints=0 n_scalar=0
2026-04-03 13:20:11,006 INFO constraint_block=line n_constraints=0 n_scalar=0
2026-04-03 13:20:11,006 INFO constraint_block=n1 n_constraints=0 n_scalar=0
2026-04-03 13:20:11,006 INFO constraint_block=n1_redispatch n_constraints=0 n_scalar=0
2026-04-03 13:20:11,006 INFO constraint_block=ed n_constraints=3 n_scalar=21
2026-04-03 13:20:23,795 INFO Loaded 208 x_features from model_dir/run_config.yaml
2026-04-03 13:20:23,795 INFO Adjusting model.in_dim from 46 to 208 to match optimization feature contract.
2026-04-03 13:20:24,160 INFO constraint_block=input n_constraints=6 n_scalar=203
2026-04-03 13:20:24,160 INFO constraint_block=output n_constraints=5 n_scalar=24
2026-04-03 13:20:24,160 INFO constraint_block=nn n_constraints=0 n_scalar=0
2026-04-03 13:20:24,160 INFO constraint_block=line n_constraints=0 n_scalar=0
2026-04-03 13:20:24,160 INFO constraint_block=n1 n_constraints=0 n_scalar=0
2026-04-03 13:20:24,160 INFO constraint_block=n1_redispatch n_constraints=0 n_scalar=0
2026-04-03 13:20:24,160 INFO constraint_block=ed n_constraints=3 n_scalar=21
2026-04-03 13:23:04,526 INFO Loaded 208 x_features from model_dir/run_config.yaml
2026-04-03 13:23:04,526 INFO Adjusting model.in_dim from 46 to 208 to match optimization feature contract.
2026-04-03 13:23:05,000 INFO constraint_block=input n_constraints=6 n_scalar=203
2026-04-03 13:23:05,000 INFO constraint_block=output n_constraints=5 n_scalar=24
2026-04-03 13:23:05,000 INFO constraint_block=nn n_constraints=0 n_scalar=0
2026-04-03 13:23:05,000 INFO constraint_block=line n_constraints=0 n_scalar=0
2026-04-03 13:23:05,001 INFO constraint_block=n1 n_constraints=0 n_scalar=0
2026-04-03 13:23:05,001 INFO constraint_block=n1_redispatch n_constraints=0 n_scalar=0
2026-04-03 13:23:05,001 INFO constraint_block=ed n_constraints=3 n_scalar=21
2026-04-03 13:23:05,010 INFO status=optimal objective=100.25903408533341 n_constraints=21 nnz=67 solve_wall_sec=0.00838445899717044
2026-04-03 13:24:27,161 INFO Loaded 208 x_features from model_dir/run_config.yaml
2026-04-03 13:24:27,162 INFO Adjusting model.in_dim from 46 to 208 to match optimization feature contract.
2026-04-03 13:24:27,686 INFO constraint_block=input n_constraints=6 n_scalar=203
2026-04-03 13:24:27,686 INFO constraint_block=output n_constraints=5 n_scalar=24
2026-04-03 13:24:27,686 INFO constraint_block=nn n_constraints=0 n_scalar=0
2026-04-03 13:24:27,686 INFO constraint_block=line n_constraints=0 n_scalar=0
2026-04-03 13:24:27,686 INFO constraint_block=n1 n_constraints=0 n_scalar=0
2026-04-03 13:24:27,686 INFO constraint_block=n1_redispatch n_constraints=0 n_scalar=0
2026-04-03 13:24:27,686 INFO constraint_block=ed n_constraints=3 n_scalar=21
2026-04-03 13:24:27,694 INFO status=optimal objective=100.25903408533341 n_constraints=21 nnz=67 solve_wall_sec=0.0071459580067312345
