2026-04-03 13:23:05,042 INFO Loaded 208 x_features from model_dir/run_config.yaml
2026-04-03 13:23:05,043 INFO Adjusting model.in_dim from 46 to 208 to match optimization feature contract.
2026-04-03 13:23:05,649 INFO constraint_block=input n_constraints=6 n_scalar=203
2026-04-03 13:23:05,649 INFO constraint_block=output n_constraints=5 n_scalar=24
2026-04-03 13:23:05,649 INFO constraint_block=nn n_constraints=0 n_scalar=0
2026-04-03 13:23:05,649 INFO constraint_block=line n_constraints=2 n_scalar=92
2026-04-03 13:23:05,649 INFO constraint_block=n1 n_constraints=0 n_scalar=0
2026-04-03 13:23:05,649 INFO constraint_block=n1_redispatch n_constraints=0 n_scalar=0
2026-04-03 13:23:05,649 INFO constraint_block=ed n_constraints=3 n_scalar=21
2026-04-03 13:23:05,685 INFO status=optimal objective=147.41755625510925 n_constraints=113 nnz=957 solve_wall_sec=0.03489116700075101
2026-04-03 13:24:27,739 INFO Loaded 208 x_features from model_dir/run_config.yaml
2026-04-03 13:24:27,740 INFO Adjusting model.in_dim from 46 to 208 to match optimization feature contract.
2026-04-03 13:24:28,218 INFO constraint_block=input n_constraints=6 n_scalar=203
2026-04-03 13:24:28,218 INFO constraint_block=output n_constraints=5 n_scalar=24
2026-04-03 13:24:28,218 INFO constraint_block=nn n_constraints=0 n_scalar=0
2026-04-03 13:24:28,218 INFO constraint_block=line n_constraints=2 n_scalar=92
2026-04-03 13:24:28,218 INFO constraint_block=n1 n_constraints=0 n_scalar=0
2026-04-03 13:24:28,218 INFO constraint_block=n1_redispatch n_constraints=0 n_scalar=0
2026-04-03 13:24:28,218 INFO constraint_block=ed n_constraints=3 n_scalar=21
2026-04-03 13:24:28,227 INFO status=optimal objective=147.41755625510925 n_constraints=113 nnz=957 solve_wall_sec=0.007252541996422224
