STARTING AT Thu Apr  2 12:51:57 AM CEST 2026
Loss type: mse | weights=[]
Target stats (scaled):
train mean=[0.549 0.589]
train std=[0.1365 0.1371]
train q05=[0.3074 0.3979]
train q95=[0.7933 0.8652]
val mean=[0.5473 0.5873]
val std=[0.1343 0.1348]
val q05=[0.3103 0.3982]
val q95=[0.7886 0.8626]
val/train std ratio=[0.984  0.9828]
LR scheduler: ReduceLROnPlateau (factor=0.5, patience=8, min_lr=1e-07)
Epoch 001 | train_loss=3.3860e-02 | train_eval_loss=1.7043e-02 | val_loss=1.6475e-02 | | lr=1.00e-03
Saved best model to results/thesis_model_results/outputs/mlp_she_style_comparison/MLP__mse__minmax__seed42__data_target_colsrocof_COI_dev_COI/mlp_state_dict_best.pt
Epoch 002 | train_loss=1.2050e-02 | train_eval_loss=2.4945e-03 | val_loss=2.4354e-03 | | lr=1.00e-03
Saved best model to results/thesis_model_results/outputs/mlp_she_style_comparison/MLP__mse__minmax__seed42__data_target_colsrocof_COI_dev_COI/mlp_state_dict_best.pt
Epoch 003 | train_loss=9.8825e-04 | train_eval_loss=5.7469e-04 | val_loss=5.6115e-04 | | lr=1.00e-03
Saved best model to results/thesis_model_results/outputs/mlp_she_style_comparison/MLP__mse__minmax__seed42__data_target_colsrocof_COI_dev_COI/mlp_state_dict_best.pt
Epoch 004 | train_loss=5.1826e-04 | train_eval_loss=4.0033e-04 | val_loss=3.9195e-04 | | lr=1.00e-03
Saved best model to results/thesis_model_results/outputs/mlp_she_style_comparison/MLP__mse__minmax__seed42__data_target_colsrocof_COI_dev_COI/mlp_state_dict_best.pt
Epoch 005 | train_loss=4.1086e-04 | train_eval_loss=3.8868e-04 | val_loss=3.8199e-04 | | lr=1.00e-03
Saved best model to results/thesis_model_results/outputs/mlp_she_style_comparison/MLP__mse__minmax__seed42__data_target_colsrocof_COI_dev_COI/mlp_state_dict_best.pt
Epoch 006 | train_loss=3.5050e-04 | train_eval_loss=3.5915e-04 | val_loss=3.5333e-04 | | lr=1.00e-03
Saved best model to results/thesis_model_results/outputs/mlp_she_style_comparison/MLP__mse__minmax__seed42__data_target_colsrocof_COI_dev_COI/mlp_state_dict_best.pt
Epoch 007 | train_loss=3.3374e-04 | train_eval_loss=2.8201e-04 | val_loss=2.7765e-04 | | lr=1.00e-03
Saved best model to results/thesis_model_results/outputs/mlp_she_style_comparison/MLP__mse__minmax__seed42__data_target_colsrocof_COI_dev_COI/mlp_state_dict_best.pt
Epoch 008 | train_loss=2.9662e-04 | train_eval_loss=2.5929e-04 | val_loss=2.5426e-04 | | lr=1.00e-03
Saved best model to results/thesis_model_results/outputs/mlp_she_style_comparison/MLP__mse__minmax__seed42__data_target_colsrocof_COI_dev_COI/mlp_state_dict_best.pt
Epoch 009 | train_loss=2.7507e-04 | train_eval_loss=2.3947e-04 | val_loss=2.3236e-04 | | lr=1.00e-03
Saved best model to results/thesis_model_results/outputs/mlp_she_style_comparison/MLP__mse__minmax__seed42__data_target_colsrocof_COI_dev_COI/mlp_state_dict_best.pt
Epoch 010 | train_loss=2.5914e-04 | train_eval_loss=3.0934e-04 | val_loss=3.0174e-04 | | lr=1.00e-03
Epoch 011 | train_loss=3.5066e-04 | train_eval_loss=2.7233e-04 | val_loss=2.6679e-04 | | lr=1.00e-03
Epoch 012 | train_loss=2.5613e-04 | train_eval_loss=1.9597e-04 | val_loss=1.8970e-04 | | lr=1.00e-03
Saved best model to results/thesis_model_results/outputs/mlp_she_style_comparison/MLP__mse__minmax__seed42__data_target_colsrocof_COI_dev_COI/mlp_state_dict_best.pt
Epoch 013 | train_loss=2.2131e-04 | train_eval_loss=2.0021e-04 | val_loss=1.9456e-04 | | lr=1.00e-03
Epoch 014 | train_loss=2.7187e-04 | train_eval_loss=5.3128e-04 | val_loss=5.2909e-04 | | lr=1.00e-03
Epoch 015 | train_loss=2.6141e-04 | train_eval_loss=2.7370e-04 | val_loss=2.6934e-04 | | lr=1.00e-03
Epoch 016 | train_loss=2.2516e-04 | train_eval_loss=1.8230e-04 | val_loss=1.7772e-04 | | lr=1.00e-03
Saved best model to results/thesis_model_results/outputs/mlp_she_style_comparison/MLP__mse__minmax__seed42__data_target_colsrocof_COI_dev_COI/mlp_state_dict_best.pt
Epoch 017 | train_loss=2.1945e-04 | train_eval_loss=2.7821e-04 | val_loss=2.7344e-04 | | lr=1.00e-03
Epoch 018 | train_loss=2.0034e-04 | train_eval_loss=1.7964e-04 | val_loss=1.7545e-04 | | lr=1.00e-03
Saved best model to results/thesis_model_results/outputs/mlp_she_style_comparison/MLP__mse__minmax__seed42__data_target_colsrocof_COI_dev_COI/mlp_state_dict_best.pt
Epoch 019 | train_loss=1.9054e-04 | train_eval_loss=1.8538e-04 | val_loss=1.8241e-04 | | lr=1.00e-03
Epoch 020 | train_loss=3.1606e-04 | train_eval_loss=2.5300e-04 | val_loss=2.4834e-04 | | lr=1.00e-03
Epoch 021 | train_loss=1.8877e-04 | train_eval_loss=1.6697e-04 | val_loss=1.6318e-04 | | lr=1.00e-03
Saved best model to results/thesis_model_results/outputs/mlp_she_style_comparison/MLP__mse__minmax__seed42__data_target_colsrocof_COI_dev_COI/mlp_state_dict_best.pt
Epoch 022 | train_loss=1.7989e-04 | train_eval_loss=1.5138e-04 | val_loss=1.4714e-04 | | lr=1.00e-03
Saved best model to results/thesis_model_results/outputs/mlp_she_style_comparison/MLP__mse__minmax__seed42__data_target_colsrocof_COI_dev_COI/mlp_state_dict_best.pt
Epoch 023 | train_loss=1.7847e-04 | train_eval_loss=1.5381e-04 | val_loss=1.5034e-04 | | lr=1.00e-03
Epoch 024 | train_loss=1.8306e-04 | train_eval_loss=3.2274e-04 | val_loss=3.2044e-04 | | lr=1.00e-03
Epoch 025 | train_loss=2.4036e-04 | train_eval_loss=5.4403e-04 | val_loss=5.4168e-04 | | lr=1.00e-03
Epoch 026 | train_loss=2.0541e-04 | train_eval_loss=1.5529e-04 | val_loss=1.5371e-04 | | lr=1.00e-03
Epoch 027 | train_loss=2.1663e-04 | train_eval_loss=2.0939e-04 | val_loss=2.0531e-04 | | lr=1.00e-03
Epoch 028 | train_loss=2.0788e-04 | train_eval_loss=1.2965e-04 | val_loss=1.2635e-04 | | lr=1.00e-03
Saved best model to results/thesis_model_results/outputs/mlp_she_style_comparison/MLP__mse__minmax__seed42__data_target_colsrocof_COI_dev_COI/mlp_state_dict_best.pt
Epoch 029 | train_loss=1.6222e-04 | train_eval_loss=1.3820e-04 | val_loss=1.3532e-04 | | lr=1.00e-03
Epoch 030 | train_loss=1.4813e-04 | train_eval_loss=2.3019e-04 | val_loss=2.2829e-04 | | lr=1.00e-03
Epoch 031 | train_loss=1.5919e-04 | train_eval_loss=1.2920e-04 | val_loss=1.2467e-04 | | lr=1.00e-03
Saved best model to results/thesis_model_results/outputs/mlp_she_style_comparison/MLP__mse__minmax__seed42__data_target_colsrocof_COI_dev_COI/mlp_state_dict_best.pt
Epoch 032 | train_loss=1.9387e-04 | train_eval_loss=1.3761e-04 | val_loss=1.3563e-04 | | lr=1.00e-03
Epoch 033 | train_loss=1.5075e-04 | train_eval_loss=1.2068e-04 | val_loss=1.1961e-04 | | lr=1.00e-03
Saved best model to results/thesis_model_results/outputs/mlp_she_style_comparison/MLP__mse__minmax__seed42__data_target_colsrocof_COI_dev_COI/mlp_state_dict_best.pt
Epoch 034 | train_loss=1.7744e-04 | train_eval_loss=2.4602e-04 | val_loss=2.4485e-04 | | lr=1.00e-03
Epoch 035 | train_loss=1.6048e-04 | train_eval_loss=1.5300e-04 | val_loss=1.5349e-04 | | lr=1.00e-03
Epoch 036 | train_loss=1.6689e-04 | train_eval_loss=2.0224e-04 | val_loss=2.0020e-04 | | lr=1.00e-03
Epoch 037 | train_loss=1.9494e-04 | train_eval_loss=1.2385e-04 | val_loss=1.2205e-04 | | lr=1.00e-03
Epoch 038 | train_loss=1.5057e-04 | train_eval_loss=1.6665e-04 | val_loss=1.6215e-04 | | lr=1.00e-03
Epoch 039 | train_loss=1.6650e-04 | train_eval_loss=2.0070e-04 | val_loss=1.9916e-04 | | lr=1.00e-03
Epoch 040 | train_loss=1.8575e-04 | train_eval_loss=4.9900e-04 | val_loss=5.0276e-04 | | lr=1.00e-03
Epoch 041 | train_loss=1.9918e-04 | train_eval_loss=1.2490e-04 | val_loss=1.2172e-04 | | lr=1.00e-03
Epoch 042 | train_loss=1.3892e-04 | train_eval_loss=2.1198e-04 | val_loss=2.0948e-04 | | lr=1.00e-03
Epoch 043 | train_loss=1.1644e-04 | train_eval_loss=1.0623e-04 | val_loss=1.0376e-04 | | lr=5.00e-04
Saved best model to results/thesis_model_results/outputs/mlp_she_style_comparison/MLP__mse__minmax__seed42__data_target_colsrocof_COI_dev_COI/mlp_state_dict_best.pt
Epoch 044 | train_loss=1.0870e-04 | train_eval_loss=1.3259e-04 | val_loss=1.3075e-04 | | lr=5.00e-04
Epoch 045 | train_loss=1.1105e-04 | train_eval_loss=1.1771e-04 | val_loss=1.1752e-04 | | lr=5.00e-04
Epoch 046 | train_loss=1.0965e-04 | train_eval_loss=1.0068e-04 | val_loss=9.9494e-05 | | lr=5.00e-04
Saved best model to results/thesis_model_results/outputs/mlp_she_style_comparison/MLP__mse__minmax__seed42__data_target_colsrocof_COI_dev_COI/mlp_state_dict_best.pt
Epoch 047 | train_loss=1.0962e-04 | train_eval_loss=1.0283e-04 | val_loss=1.0210e-04 | | lr=5.00e-04
Epoch 048 | train_loss=1.0799e-04 | train_eval_loss=1.0411e-04 | val_loss=1.0327e-04 | | lr=5.00e-04
Epoch 049 | train_loss=1.0509e-04 | train_eval_loss=1.0343e-04 | val_loss=1.0078e-04 | | lr=5.00e-04
Epoch 050 | train_loss=1.0696e-04 | train_eval_loss=1.0235e-04 | val_loss=1.0261e-04 | | lr=5.00e-04
Epoch 051 | train_loss=1.0494e-04 | train_eval_loss=1.0421e-04 | val_loss=1.0484e-04 | | lr=5.00e-04
Epoch 052 | train_loss=1.0395e-04 | train_eval_loss=1.0973e-04 | val_loss=1.0959e-04 | | lr=5.00e-04
Epoch 053 | train_loss=1.1064e-04 | train_eval_loss=1.3276e-04 | val_loss=1.2995e-04 | | lr=5.00e-04
Epoch 054 | train_loss=1.1339e-04 | train_eval_loss=1.2645e-04 | val_loss=1.2642e-04 | | lr=5.00e-04
Epoch 055 | train_loss=1.1746e-04 | train_eval_loss=9.5233e-05 | val_loss=9.4324e-05 | | lr=5.00e-04
Saved best model to results/thesis_model_results/outputs/mlp_she_style_comparison/MLP__mse__minmax__seed42__data_target_colsrocof_COI_dev_COI/mlp_state_dict_best.pt
Epoch 056 | train_loss=1.1314e-04 | train_eval_loss=1.1709e-04 | val_loss=1.1720e-04 | | lr=5.00e-04
Epoch 057 | train_loss=1.0869e-04 | train_eval_loss=1.0466e-04 | val_loss=1.0531e-04 | | lr=5.00e-04
Epoch 058 | train_loss=1.0195e-04 | train_eval_loss=9.6629e-05 | val_loss=9.6068e-05 | | lr=5.00e-04
Epoch 059 | train_loss=1.0013e-04 | train_eval_loss=9.7181e-05 | val_loss=9.6366e-05 | | lr=5.00e-04
Epoch 060 | train_loss=1.2009e-04 | train_eval_loss=9.7735e-05 | val_loss=9.8629e-05 | | lr=5.00e-04
Epoch 061 | train_loss=1.0974e-04 | train_eval_loss=1.1080e-04 | val_loss=1.1026e-04 | | lr=5.00e-04
Epoch 062 | train_loss=1.1301e-04 | train_eval_loss=9.4233e-05 | val_loss=9.3861e-05 | | lr=5.00e-04
Saved best model to results/thesis_model_results/outputs/mlp_she_style_comparison/MLP__mse__minmax__seed42__data_target_colsrocof_COI_dev_COI/mlp_state_dict_best.pt
Epoch 063 | train_loss=1.0782e-04 | train_eval_loss=1.5418e-04 | val_loss=1.5565e-04 | | lr=5.00e-04
Epoch 064 | train_loss=1.0447e-04 | train_eval_loss=1.0561e-04 | val_loss=1.0458e-04 | | lr=5.00e-04
Epoch 065 | train_loss=1.1334e-04 | train_eval_loss=1.1420e-04 | val_loss=1.1548e-04 | | lr=5.00e-04
Epoch 066 | train_loss=1.0051e-04 | train_eval_loss=1.1901e-04 | val_loss=1.1928e-04 | | lr=5.00e-04
Epoch 067 | train_loss=1.2333e-04 | train_eval_loss=9.7515e-05 | val_loss=9.8505e-05 | | lr=5.00e-04
Epoch 068 | train_loss=1.1501e-04 | train_eval_loss=2.1108e-04 | val_loss=2.1160e-04 | | lr=5.00e-04
Epoch 069 | train_loss=1.1089e-04 | train_eval_loss=1.1383e-04 | val_loss=1.1486e-04 | | lr=5.00e-04
Epoch 070 | train_loss=1.1963e-04 | train_eval_loss=1.0423e-04 | val_loss=1.0450e-04 | | lr=5.00e-04
Epoch 071 | train_loss=1.2663e-04 | train_eval_loss=1.2250e-04 | val_loss=1.2349e-04 | | lr=5.00e-04
Epoch 072 | train_loss=9.3731e-05 | train_eval_loss=8.9907e-05 | val_loss=8.8633e-05 | | lr=2.50e-04
Saved best model to results/thesis_model_results/outputs/mlp_she_style_comparison/MLP__mse__minmax__seed42__data_target_colsrocof_COI_dev_COI/mlp_state_dict_best.pt
Epoch 073 | train_loss=8.6734e-05 | train_eval_loss=8.3938e-05 | val_loss=8.3292e-05 | | lr=2.50e-04
Saved best model to results/thesis_model_results/outputs/mlp_she_style_comparison/MLP__mse__minmax__seed42__data_target_colsrocof_COI_dev_COI/mlp_state_dict_best.pt
Epoch 074 | train_loss=8.8342e-05 | train_eval_loss=8.7322e-05 | val_loss=8.8494e-05 | | lr=2.50e-04
Epoch 075 | train_loss=8.7379e-05 | train_eval_loss=8.9448e-05 | val_loss=8.8401e-05 | | lr=2.50e-04
Epoch 076 | train_loss=9.1852e-05 | train_eval_loss=9.6302e-05 | val_loss=9.7644e-05 | | lr=2.50e-04
Epoch 077 | train_loss=9.4226e-05 | train_eval_loss=1.1537e-04 | val_loss=1.1621e-04 | | lr=2.50e-04
Epoch 078 | train_loss=8.8744e-05 | train_eval_loss=9.0374e-05 | val_loss=9.1870e-05 | | lr=2.50e-04
Epoch 079 | train_loss=9.1164e-05 | train_eval_loss=8.8709e-05 | val_loss=8.9487e-05 | | lr=2.50e-04
Epoch 080 | train_loss=8.8768e-05 | train_eval_loss=9.1554e-05 | val_loss=9.0496e-05 | | lr=2.50e-04
Epoch 081 | train_loss=9.0640e-05 | train_eval_loss=8.7470e-05 | val_loss=8.7854e-05 | | lr=2.50e-04
Epoch 082 | train_loss=9.1088e-05 | train_eval_loss=8.8168e-05 | val_loss=8.7521e-05 | | lr=2.50e-04
Epoch 083 | train_loss=8.4106e-05 | train_eval_loss=8.0635e-05 | val_loss=8.2100e-05 | | lr=1.25e-04
Saved best model to results/thesis_model_results/outputs/mlp_she_style_comparison/MLP__mse__minmax__seed42__data_target_colsrocof_COI_dev_COI/mlp_state_dict_best.pt
Epoch 084 | train_loss=8.1589e-05 | train_eval_loss=7.9676e-05 | val_loss=8.0445e-05 | | lr=1.25e-04
Saved best model to results/thesis_model_results/outputs/mlp_she_style_comparison/MLP__mse__minmax__seed42__data_target_colsrocof_COI_dev_COI/mlp_state_dict_best.pt
Epoch 085 | train_loss=8.2760e-05 | train_eval_loss=8.1025e-05 | val_loss=8.1148e-05 | | lr=1.25e-04
Epoch 086 | train_loss=8.1528e-05 | train_eval_loss=8.6210e-05 | val_loss=8.7931e-05 | | lr=1.25e-04
Epoch 087 | train_loss=8.5708e-05 | train_eval_loss=8.0950e-05 | val_loss=8.1845e-05 | | lr=1.25e-04
Epoch 088 | train_loss=8.1879e-05 | train_eval_loss=7.8619e-05 | val_loss=7.9191e-05 | | lr=1.25e-04
Saved best model to results/thesis_model_results/outputs/mlp_she_style_comparison/MLP__mse__minmax__seed42__data_target_colsrocof_COI_dev_COI/mlp_state_dict_best.pt
Epoch 089 | train_loss=8.1767e-05 | train_eval_loss=8.1198e-05 | val_loss=8.2217e-05 | | lr=1.25e-04
Epoch 090 | train_loss=8.1422e-05 | train_eval_loss=8.3743e-05 | val_loss=8.3675e-05 | | lr=1.25e-04
Epoch 091 | train_loss=8.0547e-05 | train_eval_loss=9.3080e-05 | val_loss=9.3038e-05 | | lr=1.25e-04
Epoch 092 | train_loss=8.4285e-05 | train_eval_loss=7.8186e-05 | val_loss=7.9052e-05 | | lr=1.25e-04
Saved best model to results/thesis_model_results/outputs/mlp_she_style_comparison/MLP__mse__minmax__seed42__data_target_colsrocof_COI_dev_COI/mlp_state_dict_best.pt
Epoch 093 | train_loss=8.0969e-05 | train_eval_loss=7.8125e-05 | val_loss=7.9396e-05 | | lr=1.25e-04
Epoch 094 | train_loss=8.1265e-05 | train_eval_loss=8.3212e-05 | val_loss=8.5205e-05 | | lr=1.25e-04
Epoch 095 | train_loss=8.2425e-05 | train_eval_loss=8.2790e-05 | val_loss=8.4119e-05 | | lr=1.25e-04
Epoch 096 | train_loss=8.1349e-05 | train_eval_loss=8.2911e-05 | val_loss=8.3856e-05 | | lr=1.25e-04
Epoch 097 | train_loss=8.0590e-05 | train_eval_loss=8.2309e-05 | val_loss=8.3630e-05 | | lr=1.25e-04
Epoch 098 | train_loss=8.1570e-05 | train_eval_loss=8.0592e-05 | val_loss=8.2265e-05 | | lr=1.25e-04
Epoch 099 | train_loss=8.0859e-05 | train_eval_loss=8.0029e-05 | val_loss=8.1604e-05 | | lr=1.25e-04
Epoch 100 | train_loss=7.9465e-05 | train_eval_loss=8.0387e-05 | val_loss=8.0573e-05 | | lr=1.25e-04
Epoch 101 | train_loss=8.0485e-05 | train_eval_loss=7.6196e-05 | val_loss=7.7282e-05 | | lr=1.25e-04
Saved best model to results/thesis_model_results/outputs/mlp_she_style_comparison/MLP__mse__minmax__seed42__data_target_colsrocof_COI_dev_COI/mlp_state_dict_best.pt
Epoch 102 | train_loss=8.0792e-05 | train_eval_loss=8.2121e-05 | val_loss=8.2032e-05 | | lr=1.25e-04
Epoch 103 | train_loss=7.9402e-05 | train_eval_loss=8.1222e-05 | val_loss=8.1472e-05 | | lr=1.25e-04
Epoch 104 | train_loss=7.9728e-05 | train_eval_loss=9.0678e-05 | val_loss=8.9941e-05 | | lr=1.25e-04
Epoch 105 | train_loss=8.3231e-05 | train_eval_loss=7.7687e-05 | val_loss=7.7893e-05 | | lr=1.25e-04
Epoch 106 | train_loss=7.9628e-05 | train_eval_loss=8.5238e-05 | val_loss=8.7116e-05 | | lr=1.25e-04
Epoch 107 | train_loss=8.1932e-05 | train_eval_loss=7.6565e-05 | val_loss=7.7480e-05 | | lr=1.25e-04
Epoch 108 | train_loss=7.9240e-05 | train_eval_loss=8.1622e-05 | val_loss=8.2483e-05 | | lr=1.25e-04
Epoch 109 | train_loss=7.8512e-05 | train_eval_loss=7.9207e-05 | val_loss=8.1549e-05 | | lr=1.25e-04
Epoch 110 | train_loss=8.2481e-05 | train_eval_loss=8.4388e-05 | val_loss=8.6587e-05 | | lr=1.25e-04
Epoch 111 | train_loss=7.7207e-05 | train_eval_loss=7.4337e-05 | val_loss=7.5692e-05 | | lr=6.25e-05
Saved best model to results/thesis_model_results/outputs/mlp_she_style_comparison/MLP__mse__minmax__seed42__data_target_colsrocof_COI_dev_COI/mlp_state_dict_best.pt
Epoch 112 | train_loss=7.5879e-05 | train_eval_loss=7.4686e-05 | val_loss=7.6825e-05 | | lr=6.25e-05
Epoch 113 | train_loss=7.6626e-05 | train_eval_loss=8.1928e-05 | val_loss=8.3786e-05 | | lr=6.25e-05
Epoch 114 | train_loss=7.7460e-05 | train_eval_loss=7.5986e-05 | val_loss=7.6990e-05 | | lr=6.25e-05
Epoch 115 | train_loss=7.6152e-05 | train_eval_loss=7.5875e-05 | val_loss=7.7300e-05 | | lr=6.25e-05
Epoch 116 | train_loss=7.5514e-05 | train_eval_loss=7.9155e-05 | val_loss=7.9692e-05 | | lr=6.25e-05
Epoch 117 | train_loss=7.6837e-05 | train_eval_loss=7.8522e-05 | val_loss=7.9671e-05 | | lr=6.25e-05
Epoch 118 | train_loss=7.8291e-05 | train_eval_loss=8.1578e-05 | val_loss=8.3955e-05 | | lr=6.25e-05
Epoch 119 | train_loss=7.6470e-05 | train_eval_loss=7.5407e-05 | val_loss=7.6790e-05 | | lr=6.25e-05
Epoch 120 | train_loss=7.5375e-05 | train_eval_loss=7.3473e-05 | val_loss=7.4495e-05 | | lr=6.25e-05
Saved best model to results/thesis_model_results/outputs/mlp_she_style_comparison/MLP__mse__minmax__seed42__data_target_colsrocof_COI_dev_COI/mlp_state_dict_best.pt
Epoch 121 | train_loss=7.6112e-05 | train_eval_loss=7.4382e-05 | val_loss=7.6307e-05 | | lr=6.25e-05
Epoch 122 | train_loss=7.5341e-05 | train_eval_loss=7.3155e-05 | val_loss=7.5099e-05 | | lr=6.25e-05
Epoch 123 | train_loss=7.4737e-05 | train_eval_loss=7.7838e-05 | val_loss=7.9721e-05 | | lr=6.25e-05
Epoch 124 | train_loss=7.4637e-05 | train_eval_loss=7.5718e-05 | val_loss=7.8228e-05 | | lr=6.25e-05
Epoch 125 | train_loss=7.5379e-05 | train_eval_loss=7.3905e-05 | val_loss=7.5560e-05 | | lr=6.25e-05
Epoch 126 | train_loss=7.4860e-05 | train_eval_loss=7.4085e-05 | val_loss=7.6576e-05 | | lr=6.25e-05
Epoch 127 | train_loss=7.4573e-05 | train_eval_loss=7.4236e-05 | val_loss=7.6414e-05 | | lr=6.25e-05
Epoch 128 | train_loss=7.4967e-05 | train_eval_loss=7.8268e-05 | val_loss=7.9913e-05 | | lr=6.25e-05
Epoch 129 | train_loss=7.5887e-05 | train_eval_loss=7.5584e-05 | val_loss=7.8016e-05 | | lr=6.25e-05
Epoch 130 | train_loss=7.2933e-05 | train_eval_loss=7.3446e-05 | val_loss=7.5385e-05 | | lr=3.13e-05
Epoch 131 | train_loss=7.3429e-05 | train_eval_loss=7.2442e-05 | val_loss=7.3884e-05 | | lr=3.13e-05
Saved best model to results/thesis_model_results/outputs/mlp_she_style_comparison/MLP__mse__minmax__seed42__data_target_colsrocof_COI_dev_COI/mlp_state_dict_best.pt
Epoch 132 | train_loss=7.3029e-05 | train_eval_loss=7.1926e-05 | val_loss=7.3739e-05 | | lr=3.13e-05
Saved best model to results/thesis_model_results/outputs/mlp_she_style_comparison/MLP__mse__minmax__seed42__data_target_colsrocof_COI_dev_COI/mlp_state_dict_best.pt
Epoch 133 | train_loss=7.3319e-05 | train_eval_loss=7.3545e-05 | val_loss=7.5278e-05 | | lr=3.13e-05
Epoch 134 | train_loss=7.2811e-05 | train_eval_loss=7.2073e-05 | val_loss=7.4046e-05 | | lr=3.13e-05
Epoch 135 | train_loss=7.2881e-05 | train_eval_loss=7.1788e-05 | val_loss=7.3483e-05 | | lr=3.13e-05
Saved best model to results/thesis_model_results/outputs/mlp_she_style_comparison/MLP__mse__minmax__seed42__data_target_colsrocof_COI_dev_COI/mlp_state_dict_best.pt
Epoch 136 | train_loss=7.2516e-05 | train_eval_loss=7.4082e-05 | val_loss=7.6471e-05 | | lr=3.13e-05
Epoch 137 | train_loss=7.3001e-05 | train_eval_loss=7.2625e-05 | val_loss=7.4688e-05 | | lr=3.13e-05
Epoch 138 | train_loss=7.3481e-05 | train_eval_loss=7.3085e-05 | val_loss=7.4373e-05 | | lr=3.13e-05
Epoch 139 | train_loss=7.2687e-05 | train_eval_loss=7.1606e-05 | val_loss=7.3125e-05 | | lr=3.13e-05
Saved best model to results/thesis_model_results/outputs/mlp_she_style_comparison/MLP__mse__minmax__seed42__data_target_colsrocof_COI_dev_COI/mlp_state_dict_best.pt
Epoch 140 | train_loss=7.2437e-05 | train_eval_loss=7.2143e-05 | val_loss=7.3736e-05 | | lr=3.13e-05
Epoch 141 | train_loss=7.3148e-05 | train_eval_loss=7.1807e-05 | val_loss=7.3433e-05 | | lr=3.13e-05
Epoch 142 | train_loss=7.2926e-05 | train_eval_loss=7.4494e-05 | val_loss=7.6120e-05 | | lr=3.13e-05
Epoch 143 | train_loss=7.2388e-05 | train_eval_loss=7.1969e-05 | val_loss=7.3906e-05 | | lr=3.13e-05
Epoch 144 | train_loss=7.2110e-05 | train_eval_loss=7.1999e-05 | val_loss=7.4008e-05 | | lr=3.13e-05
Epoch 145 | train_loss=7.2799e-05 | train_eval_loss=7.1495e-05 | val_loss=7.3558e-05 | | lr=3.13e-05
Epoch 146 | train_loss=7.2116e-05 | train_eval_loss=7.2451e-05 | val_loss=7.4505e-05 | | lr=3.13e-05
Epoch 147 | train_loss=7.3548e-05 | train_eval_loss=7.4054e-05 | val_loss=7.5960e-05 | | lr=3.13e-05
Epoch 148 | train_loss=7.2497e-05 | train_eval_loss=7.1138e-05 | val_loss=7.3324e-05 | | lr=3.13e-05
Epoch 149 | train_loss=7.1483e-05 | train_eval_loss=7.0875e-05 | val_loss=7.2658e-05 | | lr=1.56e-05
Saved best model to results/thesis_model_results/outputs/mlp_she_style_comparison/MLP__mse__minmax__seed42__data_target_colsrocof_COI_dev_COI/mlp_state_dict_best.pt
Epoch 150 | train_loss=7.1380e-05 | train_eval_loss=7.1425e-05 | val_loss=7.3488e-05 | | lr=1.56e-05
Epoch 151 | train_loss=7.1796e-05 | train_eval_loss=7.1011e-05 | val_loss=7.2839e-05 | | lr=1.56e-05
Epoch 152 | train_loss=7.1237e-05 | train_eval_loss=7.1262e-05 | val_loss=7.2758e-05 | | lr=1.56e-05
Epoch 153 | train_loss=7.1411e-05 | train_eval_loss=7.3019e-05 | val_loss=7.5144e-05 | | lr=1.56e-05
Epoch 154 | train_loss=7.1774e-05 | train_eval_loss=7.1974e-05 | val_loss=7.3080e-05 | | lr=1.56e-05
Epoch 155 | train_loss=7.1624e-05 | train_eval_loss=7.1090e-05 | val_loss=7.2983e-05 | | lr=1.56e-05
Epoch 156 | train_loss=7.1074e-05 | train_eval_loss=7.0651e-05 | val_loss=7.2640e-05 | | lr=1.56e-05
Saved best model to results/thesis_model_results/outputs/mlp_she_style_comparison/MLP__mse__minmax__seed42__data_target_colsrocof_COI_dev_COI/mlp_state_dict_best.pt
Epoch 157 | train_loss=7.1001e-05 | train_eval_loss=7.0540e-05 | val_loss=7.2292e-05 | | lr=1.56e-05
Saved best model to results/thesis_model_results/outputs/mlp_she_style_comparison/MLP__mse__minmax__seed42__data_target_colsrocof_COI_dev_COI/mlp_state_dict_best.pt
Epoch 158 | train_loss=7.1663e-05 | train_eval_loss=7.1109e-05 | val_loss=7.2551e-05 | | lr=1.56e-05
Epoch 159 | train_loss=7.1045e-05 | train_eval_loss=7.1216e-05 | val_loss=7.3246e-05 | | lr=1.56e-05
Epoch 160 | train_loss=7.1357e-05 | train_eval_loss=7.1758e-05 | val_loss=7.3926e-05 | | lr=1.56e-05
Epoch 161 | train_loss=7.1361e-05 | train_eval_loss=7.2181e-05 | val_loss=7.4016e-05 | | lr=1.56e-05
Epoch 162 | train_loss=7.0889e-05 | train_eval_loss=7.0798e-05 | val_loss=7.2660e-05 | | lr=1.56e-05
Epoch 163 | train_loss=7.0857e-05 | train_eval_loss=7.0924e-05 | val_loss=7.3244e-05 | | lr=1.56e-05
Epoch 164 | train_loss=7.0849e-05 | train_eval_loss=7.0996e-05 | val_loss=7.2681e-05 | | lr=1.56e-05
Epoch 165 | train_loss=7.1133e-05 | train_eval_loss=7.1241e-05 | val_loss=7.2825e-05 | | lr=1.56e-05
Epoch 166 | train_loss=7.1607e-05 | train_eval_loss=7.1294e-05 | val_loss=7.2941e-05 | | lr=1.56e-05
Epoch 167 | train_loss=7.0737e-05 | train_eval_loss=7.0094e-05 | val_loss=7.2099e-05 | | lr=7.81e-06
Saved best model to results/thesis_model_results/outputs/mlp_she_style_comparison/MLP__mse__minmax__seed42__data_target_colsrocof_COI_dev_COI/mlp_state_dict_best.pt
Epoch 168 | train_loss=7.0668e-05 | train_eval_loss=7.0346e-05 | val_loss=7.2620e-05 | | lr=7.81e-06
Epoch 169 | train_loss=7.0414e-05 | train_eval_loss=7.0291e-05 | val_loss=7.2379e-05 | | lr=7.81e-06
Epoch 170 | train_loss=7.0358e-05 | train_eval_loss=6.9977e-05 | val_loss=7.1882e-05 | | lr=7.81e-06
Saved best model to results/thesis_model_results/outputs/mlp_she_style_comparison/MLP__mse__minmax__seed42__data_target_colsrocof_COI_dev_COI/mlp_state_dict_best.pt
Epoch 171 | train_loss=7.0392e-05 | train_eval_loss=7.0373e-05 | val_loss=7.2582e-05 | | lr=7.81e-06
Epoch 172 | train_loss=7.0310e-05 | train_eval_loss=6.9920e-05 | val_loss=7.1978e-05 | | lr=7.81e-06
Epoch 173 | train_loss=7.0327e-05 | train_eval_loss=7.0006e-05 | val_loss=7.1789e-05 | | lr=7.81e-06
Saved best model to results/thesis_model_results/outputs/mlp_she_style_comparison/MLP__mse__minmax__seed42__data_target_colsrocof_COI_dev_COI/mlp_state_dict_best.pt
Epoch 174 | train_loss=7.0403e-05 | train_eval_loss=7.1112e-05 | val_loss=7.3146e-05 | | lr=7.81e-06
Epoch 175 | train_loss=7.0448e-05 | train_eval_loss=7.0655e-05 | val_loss=7.2560e-05 | | lr=7.81e-06
Epoch 176 | train_loss=7.0461e-05 | train_eval_loss=7.0570e-05 | val_loss=7.3127e-05 | | lr=7.81e-06
Epoch 177 | train_loss=7.0300e-05 | train_eval_loss=6.9972e-05 | val_loss=7.1949e-05 | | lr=7.81e-06
Epoch 178 | train_loss=7.0207e-05 | train_eval_loss=7.0011e-05 | val_loss=7.1788e-05 | | lr=7.81e-06
Saved best model to results/thesis_model_results/outputs/mlp_she_style_comparison/MLP__mse__minmax__seed42__data_target_colsrocof_COI_dev_COI/mlp_state_dict_best.pt
Epoch 179 | train_loss=7.0269e-05 | train_eval_loss=6.9875e-05 | val_loss=7.1826e-05 | | lr=7.81e-06
Epoch 180 | train_loss=7.0143e-05 | train_eval_loss=7.0665e-05 | val_loss=7.2402e-05 | | lr=7.81e-06
Epoch 181 | train_loss=7.0247e-05 | train_eval_loss=7.1411e-05 | val_loss=7.3936e-05 | | lr=7.81e-06
Epoch 182 | train_loss=7.0415e-05 | train_eval_loss=6.9745e-05 | val_loss=7.1764e-05 | | lr=7.81e-06
Saved best model to results/thesis_model_results/outputs/mlp_she_style_comparison/MLP__mse__minmax__seed42__data_target_colsrocof_COI_dev_COI/mlp_state_dict_best.pt
Epoch 183 | train_loss=7.0067e-05 | train_eval_loss=7.0204e-05 | val_loss=7.2020e-05 | | lr=7.81e-06
Epoch 184 | train_loss=7.0509e-05 | train_eval_loss=6.9756e-05 | val_loss=7.1812e-05 | | lr=7.81e-06
Epoch 185 | train_loss=7.0555e-05 | train_eval_loss=6.9739e-05 | val_loss=7.1829e-05 | | lr=7.81e-06
Epoch 186 | train_loss=7.0271e-05 | train_eval_loss=6.9871e-05 | val_loss=7.1562e-05 | | lr=7.81e-06
Saved best model to results/thesis_model_results/outputs/mlp_she_style_comparison/MLP__mse__minmax__seed42__data_target_colsrocof_COI_dev_COI/mlp_state_dict_best.pt
Epoch 187 | train_loss=7.0175e-05 | train_eval_loss=6.9896e-05 | val_loss=7.2386e-05 | | lr=7.81e-06
Epoch 188 | train_loss=7.0023e-05 | train_eval_loss=6.9922e-05 | val_loss=7.1909e-05 | | lr=7.81e-06
Epoch 189 | train_loss=7.0155e-05 | train_eval_loss=6.9875e-05 | val_loss=7.2322e-05 | | lr=7.81e-06
Epoch 190 | train_loss=7.0062e-05 | train_eval_loss=6.9848e-05 | val_loss=7.1726e-05 | | lr=7.81e-06
Epoch 191 | train_loss=7.0389e-05 | train_eval_loss=6.9740e-05 | val_loss=7.1753e-05 | | lr=7.81e-06
Epoch 192 | train_loss=7.0326e-05 | train_eval_loss=6.9583e-05 | val_loss=7.1504e-05 | | lr=7.81e-06
Saved best model to results/thesis_model_results/outputs/mlp_she_style_comparison/MLP__mse__minmax__seed42__data_target_colsrocof_COI_dev_COI/mlp_state_dict_best.pt
Epoch 193 | train_loss=7.0130e-05 | train_eval_loss=6.9857e-05 | val_loss=7.1488e-05 | | lr=7.81e-06
Saved best model to results/thesis_model_results/outputs/mlp_she_style_comparison/MLP__mse__minmax__seed42__data_target_colsrocof_COI_dev_COI/mlp_state_dict_best.pt
Epoch 194 | train_loss=7.0041e-05 | train_eval_loss=6.9558e-05 | val_loss=7.1464e-05 | | lr=7.81e-06
Saved best model to results/thesis_model_results/outputs/mlp_she_style_comparison/MLP__mse__minmax__seed42__data_target_colsrocof_COI_dev_COI/mlp_state_dict_best.pt
Epoch 195 | train_loss=7.0087e-05 | train_eval_loss=7.0627e-05 | val_loss=7.2753e-05 | | lr=7.81e-06
Epoch 196 | train_loss=7.0160e-05 | train_eval_loss=6.9822e-05 | val_loss=7.1908e-05 | | lr=7.81e-06
Epoch 197 | train_loss=6.9888e-05 | train_eval_loss=6.9675e-05 | val_loss=7.1830e-05 | | lr=7.81e-06
Epoch 198 | train_loss=6.9994e-05 | train_eval_loss=6.9756e-05 | val_loss=7.1728e-05 | | lr=7.81e-06
Epoch 199 | train_loss=7.0016e-05 | train_eval_loss=6.9639e-05 | val_loss=7.1536e-05 | | lr=7.81e-06
Epoch 200 | train_loss=7.0082e-05 | train_eval_loss=6.9662e-05 | val_loss=7.2026e-05 | | lr=7.81e-06
Saved training logs to results/thesis_model_results/outputs/mlp_she_style_comparison/MLP__mse__minmax__seed42__data_target_colsrocof_COI_dev_COI/training_summary.txt
Test RMSE(rocof_COI) = 0.0141 | norm: 0.0107 | real_diff: 0.0095
Test RMSE(dev_COI) = 0.0174 | norm: 0.0064 | real_diff: 0.0082
Saved RMSE results to results/thesis_model_results/outputs/mlp_she_style_comparison/MLP__mse__minmax__seed42__data_target_colsrocof_COI_dev_COI/rmse_results.txt
Saved detailed metrics to results/thesis_model_results/outputs/mlp_she_style_comparison/MLP__mse__minmax__seed42__data_target_colsrocof_COI_dev_COI/metrics_by_target.csv
Saved aggregate metrics to results/thesis_model_results/outputs/mlp_she_style_comparison/MLP__mse__minmax__seed42__data_target_colsrocof_COI_dev_COI/metrics_summary.json
Saved test predictions to results/thesis_model_results/outputs/mlp_she_style_comparison/MLP__mse__minmax__seed42__data_target_colsrocof_COI_dev_COI/test_predictions.csv
Saved loss curves to results/thesis_model_results/outputs/mlp_she_style_comparison/MLP__mse__minmax__seed42__data_target_colsrocof_COI_dev_COI/loss_curve.png
Saved scatter plot results/thesis_model_results/outputs/mlp_she_style_comparison/MLP__mse__minmax__seed42__data_target_colsrocof_COI_dev_COI/scatter_rocof_COI.png
Saved scatter plot results/thesis_model_results/outputs/mlp_she_style_comparison/MLP__mse__minmax__seed42__data_target_colsrocof_COI_dev_COI/scatter_dev_COI.png
Saved model to results/thesis_model_results/outputs/mlp_she_style_comparison/MLP__mse__minmax__seed42__data_target_colsrocof_COI_dev_COI/mlp_state_dict.pt
Loss type: mse | weights=[]
Target stats (scaled):
train mean=[0.492  0.4884 0.4785 0.4192]
train std=[0.1141 0.1063 0.1158 0.1138]
train q05=[0.3192 0.303  0.3347 0.2205]
train q95=[0.6719 0.6491 0.6927 0.6016]
val mean=[0.4922 0.4893 0.4798 0.4201]
val std=[0.1123 0.1072 0.1141 0.1112]
val q05=[0.3195 0.303  0.3376 0.2251]
val q95=[0.6731 0.6514 0.6918 0.5984]
val/train std ratio=[0.9844 1.0084 0.9848 0.9772]
LR scheduler: ReduceLROnPlateau (factor=0.5, patience=8, min_lr=1e-07)
Epoch 001 | train_loss=3.1348e-02 | train_eval_loss=1.0482e-02 | val_loss=1.0246e-02 | | lr=1.00e-03
Saved best model to results/thesis_model_results/outputs/mlp_she_style_comparison/MLP__mse__minmax__seed42__data_target_colsDelta_P_IBR_1_Delta_P_IBR_2_Delta_P_IBR_3_Delta_P_IBR_4/mlp_state_dict_best.pt
Epoch 002 | train_loss=8.8728e-03 | train_eval_loss=6.0887e-03 | val_loss=5.9666e-03 | | lr=1.00e-03
Saved best model to results/thesis_model_results/outputs/mlp_she_style_comparison/MLP__mse__minmax__seed42__data_target_colsDelta_P_IBR_1_Delta_P_IBR_2_Delta_P_IBR_3_Delta_P_IBR_4/mlp_state_dict_best.pt
Epoch 003 | train_loss=5.1019e-03 | train_eval_loss=4.7215e-03 | val_loss=4.6345e-03 | | lr=1.00e-03
Saved best model to results/thesis_model_results/outputs/mlp_she_style_comparison/MLP__mse__minmax__seed42__data_target_colsDelta_P_IBR_1_Delta_P_IBR_2_Delta_P_IBR_3_Delta_P_IBR_4/mlp_state_dict_best.pt
Epoch 004 | train_loss=4.5914e-03 | train_eval_loss=4.3377e-03 | val_loss=4.2368e-03 | | lr=1.00e-03
Saved best model to results/thesis_model_results/outputs/mlp_she_style_comparison/MLP__mse__minmax__seed42__data_target_colsDelta_P_IBR_1_Delta_P_IBR_2_Delta_P_IBR_3_Delta_P_IBR_4/mlp_state_dict_best.pt
Epoch 005 | train_loss=3.9437e-03 | train_eval_loss=3.7217e-03 | val_loss=3.6491e-03 | | lr=1.00e-03
Saved best model to results/thesis_model_results/outputs/mlp_she_style_comparison/MLP__mse__minmax__seed42__data_target_colsDelta_P_IBR_1_Delta_P_IBR_2_Delta_P_IBR_3_Delta_P_IBR_4/mlp_state_dict_best.pt
Epoch 006 | train_loss=3.5102e-03 | train_eval_loss=3.4249e-03 | val_loss=3.3607e-03 | | lr=1.00e-03
Saved best model to results/thesis_model_results/outputs/mlp_she_style_comparison/MLP__mse__minmax__seed42__data_target_colsDelta_P_IBR_1_Delta_P_IBR_2_Delta_P_IBR_3_Delta_P_IBR_4/mlp_state_dict_best.pt
Epoch 007 | train_loss=3.1933e-03 | train_eval_loss=3.1596e-03 | val_loss=3.1216e-03 | | lr=1.00e-03
Saved best model to results/thesis_model_results/outputs/mlp_she_style_comparison/MLP__mse__minmax__seed42__data_target_colsDelta_P_IBR_1_Delta_P_IBR_2_Delta_P_IBR_3_Delta_P_IBR_4/mlp_state_dict_best.pt
Epoch 008 | train_loss=3.0026e-03 | train_eval_loss=2.9279e-03 | val_loss=2.8942e-03 | | lr=1.00e-03
Saved best model to results/thesis_model_results/outputs/mlp_she_style_comparison/MLP__mse__minmax__seed42__data_target_colsDelta_P_IBR_1_Delta_P_IBR_2_Delta_P_IBR_3_Delta_P_IBR_4/mlp_state_dict_best.pt
Epoch 009 | train_loss=2.9066e-03 | train_eval_loss=2.8186e-03 | val_loss=2.7858e-03 | | lr=1.00e-03
Saved best model to results/thesis_model_results/outputs/mlp_she_style_comparison/MLP__mse__minmax__seed42__data_target_colsDelta_P_IBR_1_Delta_P_IBR_2_Delta_P_IBR_3_Delta_P_IBR_4/mlp_state_dict_best.pt
Epoch 010 | train_loss=2.7312e-03 | train_eval_loss=2.7338e-03 | val_loss=2.7258e-03 | | lr=1.00e-03
Saved best model to results/thesis_model_results/outputs/mlp_she_style_comparison/MLP__mse__minmax__seed42__data_target_colsDelta_P_IBR_1_Delta_P_IBR_2_Delta_P_IBR_3_Delta_P_IBR_4/mlp_state_dict_best.pt
Epoch 011 | train_loss=2.6721e-03 | train_eval_loss=2.7314e-03 | val_loss=2.7049e-03 | | lr=1.00e-03
Saved best model to results/thesis_model_results/outputs/mlp_she_style_comparison/MLP__mse__minmax__seed42__data_target_colsDelta_P_IBR_1_Delta_P_IBR_2_Delta_P_IBR_3_Delta_P_IBR_4/mlp_state_dict_best.pt
Epoch 012 | train_loss=2.5719e-03 | train_eval_loss=2.5041e-03 | val_loss=2.4722e-03 | | lr=1.00e-03
Saved best model to results/thesis_model_results/outputs/mlp_she_style_comparison/MLP__mse__minmax__seed42__data_target_colsDelta_P_IBR_1_Delta_P_IBR_2_Delta_P_IBR_3_Delta_P_IBR_4/mlp_state_dict_best.pt
Epoch 013 | train_loss=2.4443e-03 | train_eval_loss=2.3956e-03 | val_loss=2.3614e-03 | | lr=1.00e-03
Saved best model to results/thesis_model_results/outputs/mlp_she_style_comparison/MLP__mse__minmax__seed42__data_target_colsDelta_P_IBR_1_Delta_P_IBR_2_Delta_P_IBR_3_Delta_P_IBR_4/mlp_state_dict_best.pt
Epoch 014 | train_loss=2.4128e-03 | train_eval_loss=2.3419e-03 | val_loss=2.3145e-03 | | lr=1.00e-03
Saved best model to results/thesis_model_results/outputs/mlp_she_style_comparison/MLP__mse__minmax__seed42__data_target_colsDelta_P_IBR_1_Delta_P_IBR_2_Delta_P_IBR_3_Delta_P_IBR_4/mlp_state_dict_best.pt
Epoch 015 | train_loss=2.3425e-03 | train_eval_loss=2.3965e-03 | val_loss=2.3779e-03 | | lr=1.00e-03
Epoch 016 | train_loss=2.2280e-03 | train_eval_loss=2.2051e-03 | val_loss=2.1765e-03 | | lr=1.00e-03
Saved best model to results/thesis_model_results/outputs/mlp_she_style_comparison/MLP__mse__minmax__seed42__data_target_colsDelta_P_IBR_1_Delta_P_IBR_2_Delta_P_IBR_3_Delta_P_IBR_4/mlp_state_dict_best.pt
Epoch 017 | train_loss=2.1950e-03 | train_eval_loss=2.0984e-03 | val_loss=2.0668e-03 | | lr=1.00e-03
Saved best model to results/thesis_model_results/outputs/mlp_she_style_comparison/MLP__mse__minmax__seed42__data_target_colsDelta_P_IBR_1_Delta_P_IBR_2_Delta_P_IBR_3_Delta_P_IBR_4/mlp_state_dict_best.pt
Epoch 018 | train_loss=2.1090e-03 | train_eval_loss=2.0277e-03 | val_loss=2.0076e-03 | | lr=1.00e-03
Saved best model to results/thesis_model_results/outputs/mlp_she_style_comparison/MLP__mse__minmax__seed42__data_target_colsDelta_P_IBR_1_Delta_P_IBR_2_Delta_P_IBR_3_Delta_P_IBR_4/mlp_state_dict_best.pt
Epoch 019 | train_loss=2.0586e-03 | train_eval_loss=1.9688e-03 | val_loss=1.9476e-03 | | lr=1.00e-03
Saved best model to results/thesis_model_results/outputs/mlp_she_style_comparison/MLP__mse__minmax__seed42__data_target_colsDelta_P_IBR_1_Delta_P_IBR_2_Delta_P_IBR_3_Delta_P_IBR_4/mlp_state_dict_best.pt
Epoch 020 | train_loss=2.0814e-03 | train_eval_loss=2.0455e-03 | val_loss=2.0315e-03 | | lr=1.00e-03
Epoch 021 | train_loss=2.0434e-03 | train_eval_loss=1.9468e-03 | val_loss=1.9343e-03 | | lr=1.00e-03
Saved best model to results/thesis_model_results/outputs/mlp_she_style_comparison/MLP__mse__minmax__seed42__data_target_colsDelta_P_IBR_1_Delta_P_IBR_2_Delta_P_IBR_3_Delta_P_IBR_4/mlp_state_dict_best.pt
Epoch 022 | train_loss=1.9802e-03 | train_eval_loss=2.0259e-03 | val_loss=2.0193e-03 | | lr=1.00e-03
Epoch 023 | train_loss=1.9605e-03 | train_eval_loss=1.8974e-03 | val_loss=1.8753e-03 | | lr=1.00e-03
Saved best model to results/thesis_model_results/outputs/mlp_she_style_comparison/MLP__mse__minmax__seed42__data_target_colsDelta_P_IBR_1_Delta_P_IBR_2_Delta_P_IBR_3_Delta_P_IBR_4/mlp_state_dict_best.pt
Epoch 024 | train_loss=1.9547e-03 | train_eval_loss=1.9007e-03 | val_loss=1.8985e-03 | | lr=1.00e-03
Epoch 025 | train_loss=1.9003e-03 | train_eval_loss=1.9756e-03 | val_loss=1.9748e-03 | | lr=1.00e-03
Epoch 026 | train_loss=1.8688e-03 | train_eval_loss=1.8027e-03 | val_loss=1.7857e-03 | | lr=1.00e-03
Saved best model to results/thesis_model_results/outputs/mlp_she_style_comparison/MLP__mse__minmax__seed42__data_target_colsDelta_P_IBR_1_Delta_P_IBR_2_Delta_P_IBR_3_Delta_P_IBR_4/mlp_state_dict_best.pt
Epoch 027 | train_loss=1.8450e-03 | train_eval_loss=2.2169e-03 | val_loss=2.1963e-03 | | lr=1.00e-03
Epoch 028 | train_loss=1.8588e-03 | train_eval_loss=1.8458e-03 | val_loss=1.8274e-03 | | lr=1.00e-03
Epoch 029 | train_loss=1.8250e-03 | train_eval_loss=1.7950e-03 | val_loss=1.7874e-03 | | lr=1.00e-03
Epoch 030 | train_loss=1.7378e-03 | train_eval_loss=1.7322e-03 | val_loss=1.7049e-03 | | lr=1.00e-03
Saved best model to results/thesis_model_results/outputs/mlp_she_style_comparison/MLP__mse__minmax__seed42__data_target_colsDelta_P_IBR_1_Delta_P_IBR_2_Delta_P_IBR_3_Delta_P_IBR_4/mlp_state_dict_best.pt
Epoch 031 | train_loss=1.7557e-03 | train_eval_loss=1.6695e-03 | val_loss=1.6581e-03 | | lr=1.00e-03
Saved best model to results/thesis_model_results/outputs/mlp_she_style_comparison/MLP__mse__minmax__seed42__data_target_colsDelta_P_IBR_1_Delta_P_IBR_2_Delta_P_IBR_3_Delta_P_IBR_4/mlp_state_dict_best.pt
Epoch 032 | train_loss=1.7007e-03 | train_eval_loss=1.7489e-03 | val_loss=1.7353e-03 | | lr=1.00e-03
Epoch 033 | train_loss=1.6935e-03 | train_eval_loss=1.7021e-03 | val_loss=1.6843e-03 | | lr=1.00e-03
Epoch 034 | train_loss=1.7532e-03 | train_eval_loss=1.9631e-03 | val_loss=1.9440e-03 | | lr=1.00e-03
Epoch 035 | train_loss=1.6187e-03 | train_eval_loss=1.6174e-03 | val_loss=1.6011e-03 | | lr=1.00e-03
Saved best model to results/thesis_model_results/outputs/mlp_she_style_comparison/MLP__mse__minmax__seed42__data_target_colsDelta_P_IBR_1_Delta_P_IBR_2_Delta_P_IBR_3_Delta_P_IBR_4/mlp_state_dict_best.pt
Epoch 036 | train_loss=1.5901e-03 | train_eval_loss=1.5629e-03 | val_loss=1.5432e-03 | | lr=1.00e-03
Saved best model to results/thesis_model_results/outputs/mlp_she_style_comparison/MLP__mse__minmax__seed42__data_target_colsDelta_P_IBR_1_Delta_P_IBR_2_Delta_P_IBR_3_Delta_P_IBR_4/mlp_state_dict_best.pt
Epoch 037 | train_loss=1.5727e-03 | train_eval_loss=1.5774e-03 | val_loss=1.5706e-03 | | lr=1.00e-03
Epoch 038 | train_loss=1.5348e-03 | train_eval_loss=1.5686e-03 | val_loss=1.5470e-03 | | lr=1.00e-03
Epoch 039 | train_loss=1.5842e-03 | train_eval_loss=1.6203e-03 | val_loss=1.5953e-03 | | lr=1.00e-03
Epoch 040 | train_loss=1.5684e-03 | train_eval_loss=1.5070e-03 | val_loss=1.4818e-03 | | lr=1.00e-03
Saved best model to results/thesis_model_results/outputs/mlp_she_style_comparison/MLP__mse__minmax__seed42__data_target_colsDelta_P_IBR_1_Delta_P_IBR_2_Delta_P_IBR_3_Delta_P_IBR_4/mlp_state_dict_best.pt
Epoch 041 | train_loss=1.5088e-03 | train_eval_loss=1.4923e-03 | val_loss=1.4750e-03 | | lr=1.00e-03
Saved best model to results/thesis_model_results/outputs/mlp_she_style_comparison/MLP__mse__minmax__seed42__data_target_colsDelta_P_IBR_1_Delta_P_IBR_2_Delta_P_IBR_3_Delta_P_IBR_4/mlp_state_dict_best.pt
Epoch 042 | train_loss=1.4487e-03 | train_eval_loss=1.4555e-03 | val_loss=1.4387e-03 | | lr=1.00e-03
Saved best model to results/thesis_model_results/outputs/mlp_she_style_comparison/MLP__mse__minmax__seed42__data_target_colsDelta_P_IBR_1_Delta_P_IBR_2_Delta_P_IBR_3_Delta_P_IBR_4/mlp_state_dict_best.pt
Epoch 043 | train_loss=1.4328e-03 | train_eval_loss=1.3833e-03 | val_loss=1.3589e-03 | | lr=1.00e-03
Saved best model to results/thesis_model_results/outputs/mlp_she_style_comparison/MLP__mse__minmax__seed42__data_target_colsDelta_P_IBR_1_Delta_P_IBR_2_Delta_P_IBR_3_Delta_P_IBR_4/mlp_state_dict_best.pt
Epoch 044 | train_loss=1.4945e-03 | train_eval_loss=1.3884e-03 | val_loss=1.3582e-03 | | lr=1.00e-03
Saved best model to results/thesis_model_results/outputs/mlp_she_style_comparison/MLP__mse__minmax__seed42__data_target_colsDelta_P_IBR_1_Delta_P_IBR_2_Delta_P_IBR_3_Delta_P_IBR_4/mlp_state_dict_best.pt
Epoch 045 | train_loss=1.3998e-03 | train_eval_loss=1.4470e-03 | val_loss=1.4110e-03 | | lr=1.00e-03
Epoch 046 | train_loss=1.3873e-03 | train_eval_loss=1.3278e-03 | val_loss=1.3122e-03 | | lr=1.00e-03
Saved best model to results/thesis_model_results/outputs/mlp_she_style_comparison/MLP__mse__minmax__seed42__data_target_colsDelta_P_IBR_1_Delta_P_IBR_2_Delta_P_IBR_3_Delta_P_IBR_4/mlp_state_dict_best.pt
Epoch 047 | train_loss=1.3902e-03 | train_eval_loss=1.4100e-03 | val_loss=1.3954e-03 | | lr=1.00e-03
Epoch 048 | train_loss=1.3512e-03 | train_eval_loss=1.4411e-03 | val_loss=1.4364e-03 | | lr=1.00e-03
Epoch 049 | train_loss=1.3556e-03 | train_eval_loss=1.2593e-03 | val_loss=1.2425e-03 | | lr=1.00e-03
Saved best model to results/thesis_model_results/outputs/mlp_she_style_comparison/MLP__mse__minmax__seed42__data_target_colsDelta_P_IBR_1_Delta_P_IBR_2_Delta_P_IBR_3_Delta_P_IBR_4/mlp_state_dict_best.pt
Epoch 050 | train_loss=1.3118e-03 | train_eval_loss=1.4715e-03 | val_loss=1.4460e-03 | | lr=1.00e-03
Epoch 051 | train_loss=1.2614e-03 | train_eval_loss=1.1741e-03 | val_loss=1.1579e-03 | | lr=1.00e-03
Saved best model to results/thesis_model_results/outputs/mlp_she_style_comparison/MLP__mse__minmax__seed42__data_target_colsDelta_P_IBR_1_Delta_P_IBR_2_Delta_P_IBR_3_Delta_P_IBR_4/mlp_state_dict_best.pt
Epoch 052 | train_loss=1.2911e-03 | train_eval_loss=1.1423e-03 | val_loss=1.1330e-03 | | lr=1.00e-03
Saved best model to results/thesis_model_results/outputs/mlp_she_style_comparison/MLP__mse__minmax__seed42__data_target_colsDelta_P_IBR_1_Delta_P_IBR_2_Delta_P_IBR_3_Delta_P_IBR_4/mlp_state_dict_best.pt
Epoch 053 | train_loss=1.2125e-03 | train_eval_loss=1.1172e-03 | val_loss=1.1099e-03 | | lr=1.00e-03
Saved best model to results/thesis_model_results/outputs/mlp_she_style_comparison/MLP__mse__minmax__seed42__data_target_colsDelta_P_IBR_1_Delta_P_IBR_2_Delta_P_IBR_3_Delta_P_IBR_4/mlp_state_dict_best.pt
Epoch 054 | train_loss=1.1631e-03 | train_eval_loss=1.1673e-03 | val_loss=1.1648e-03 | | lr=1.00e-03
Epoch 055 | train_loss=1.2491e-03 | train_eval_loss=1.1182e-03 | val_loss=1.1038e-03 | | lr=1.00e-03
Saved best model to results/thesis_model_results/outputs/mlp_she_style_comparison/MLP__mse__minmax__seed42__data_target_colsDelta_P_IBR_1_Delta_P_IBR_2_Delta_P_IBR_3_Delta_P_IBR_4/mlp_state_dict_best.pt
Epoch 056 | train_loss=1.1222e-03 | train_eval_loss=1.2015e-03 | val_loss=1.2145e-03 | | lr=1.00e-03
Epoch 057 | train_loss=1.1226e-03 | train_eval_loss=1.3271e-03 | val_loss=1.3409e-03 | | lr=1.00e-03
Epoch 058 | train_loss=1.1282e-03 | train_eval_loss=1.0725e-03 | val_loss=1.0668e-03 | | lr=1.00e-03
Saved best model to results/thesis_model_results/outputs/mlp_she_style_comparison/MLP__mse__minmax__seed42__data_target_colsDelta_P_IBR_1_Delta_P_IBR_2_Delta_P_IBR_3_Delta_P_IBR_4/mlp_state_dict_best.pt
Epoch 059 | train_loss=1.1807e-03 | train_eval_loss=1.2042e-03 | val_loss=1.2203e-03 | | lr=1.00e-03
Epoch 060 | train_loss=1.0757e-03 | train_eval_loss=1.1681e-03 | val_loss=1.1580e-03 | | lr=1.00e-03
Epoch 061 | train_loss=1.1317e-03 | train_eval_loss=1.1165e-03 | val_loss=1.1139e-03 | | lr=1.00e-03
Epoch 062 | train_loss=1.0607e-03 | train_eval_loss=1.0445e-03 | val_loss=1.0396e-03 | | lr=1.00e-03
Saved best model to results/thesis_model_results/outputs/mlp_she_style_comparison/MLP__mse__minmax__seed42__data_target_colsDelta_P_IBR_1_Delta_P_IBR_2_Delta_P_IBR_3_Delta_P_IBR_4/mlp_state_dict_best.pt
Epoch 063 | train_loss=1.0426e-03 | train_eval_loss=1.0264e-03 | val_loss=1.0391e-03 | | lr=1.00e-03
Saved best model to results/thesis_model_results/outputs/mlp_she_style_comparison/MLP__mse__minmax__seed42__data_target_colsDelta_P_IBR_1_Delta_P_IBR_2_Delta_P_IBR_3_Delta_P_IBR_4/mlp_state_dict_best.pt
Epoch 064 | train_loss=1.0636e-03 | train_eval_loss=1.0262e-03 | val_loss=1.0247e-03 | | lr=1.00e-03
Saved best model to results/thesis_model_results/outputs/mlp_she_style_comparison/MLP__mse__minmax__seed42__data_target_colsDelta_P_IBR_1_Delta_P_IBR_2_Delta_P_IBR_3_Delta_P_IBR_4/mlp_state_dict_best.pt
Epoch 065 | train_loss=1.0595e-03 | train_eval_loss=1.0185e-03 | val_loss=1.0139e-03 | | lr=1.00e-03
Saved best model to results/thesis_model_results/outputs/mlp_she_style_comparison/MLP__mse__minmax__seed42__data_target_colsDelta_P_IBR_1_Delta_P_IBR_2_Delta_P_IBR_3_Delta_P_IBR_4/mlp_state_dict_best.pt
Epoch 066 | train_loss=1.0117e-03 | train_eval_loss=9.8848e-04 | val_loss=9.8006e-04 | | lr=1.00e-03
Saved best model to results/thesis_model_results/outputs/mlp_she_style_comparison/MLP__mse__minmax__seed42__data_target_colsDelta_P_IBR_1_Delta_P_IBR_2_Delta_P_IBR_3_Delta_P_IBR_4/mlp_state_dict_best.pt
Epoch 067 | train_loss=1.0198e-03 | train_eval_loss=1.0466e-03 | val_loss=1.0460e-03 | | lr=1.00e-03
Epoch 068 | train_loss=9.9274e-04 | train_eval_loss=1.2470e-03 | val_loss=1.2481e-03 | | lr=1.00e-03
Epoch 069 | train_loss=1.0078e-03 | train_eval_loss=9.9752e-04 | val_loss=1.0004e-03 | | lr=1.00e-03
Epoch 070 | train_loss=9.8803e-04 | train_eval_loss=9.7900e-04 | val_loss=9.9391e-04 | | lr=1.00e-03
Epoch 071 | train_loss=1.0572e-03 | train_eval_loss=9.3822e-04 | val_loss=9.4250e-04 | | lr=1.00e-03
Saved best model to results/thesis_model_results/outputs/mlp_she_style_comparison/MLP__mse__minmax__seed42__data_target_colsDelta_P_IBR_1_Delta_P_IBR_2_Delta_P_IBR_3_Delta_P_IBR_4/mlp_state_dict_best.pt
Epoch 072 | train_loss=1.0094e-03 | train_eval_loss=1.0308e-03 | val_loss=1.0353e-03 | | lr=1.00e-03
Epoch 073 | train_loss=9.4238e-04 | train_eval_loss=8.8006e-04 | val_loss=8.8709e-04 | | lr=1.00e-03
Saved best model to results/thesis_model_results/outputs/mlp_she_style_comparison/MLP__mse__minmax__seed42__data_target_colsDelta_P_IBR_1_Delta_P_IBR_2_Delta_P_IBR_3_Delta_P_IBR_4/mlp_state_dict_best.pt
Epoch 074 | train_loss=9.8469e-04 | train_eval_loss=1.0058e-03 | val_loss=9.9602e-04 | | lr=1.00e-03
Epoch 075 | train_loss=9.6888e-04 | train_eval_loss=1.0654e-03 | val_loss=1.0606e-03 | | lr=1.00e-03
Epoch 076 | train_loss=9.3068e-04 | train_eval_loss=9.3357e-04 | val_loss=9.4726e-04 | | lr=1.00e-03
Epoch 077 | train_loss=9.7987e-04 | train_eval_loss=1.0233e-03 | val_loss=1.0321e-03 | | lr=1.00e-03
Epoch 078 | train_loss=9.2819e-04 | train_eval_loss=8.7466e-04 | val_loss=8.8432e-04 | | lr=1.00e-03
Saved best model to results/thesis_model_results/outputs/mlp_she_style_comparison/MLP__mse__minmax__seed42__data_target_colsDelta_P_IBR_1_Delta_P_IBR_2_Delta_P_IBR_3_Delta_P_IBR_4/mlp_state_dict_best.pt
Epoch 079 | train_loss=9.0033e-04 | train_eval_loss=8.6648e-04 | val_loss=8.7371e-04 | | lr=1.00e-03
Saved best model to results/thesis_model_results/outputs/mlp_she_style_comparison/MLP__mse__minmax__seed42__data_target_colsDelta_P_IBR_1_Delta_P_IBR_2_Delta_P_IBR_3_Delta_P_IBR_4/mlp_state_dict_best.pt
Epoch 080 | train_loss=9.1890e-04 | train_eval_loss=8.4574e-04 | val_loss=8.4557e-04 | | lr=1.00e-03
Saved best model to results/thesis_model_results/outputs/mlp_she_style_comparison/MLP__mse__minmax__seed42__data_target_colsDelta_P_IBR_1_Delta_P_IBR_2_Delta_P_IBR_3_Delta_P_IBR_4/mlp_state_dict_best.pt
Epoch 081 | train_loss=8.9384e-04 | train_eval_loss=8.7208e-04 | val_loss=8.7819e-04 | | lr=1.00e-03
Epoch 082 | train_loss=9.0697e-04 | train_eval_loss=8.5130e-04 | val_loss=8.6204e-04 | | lr=1.00e-03
Epoch 083 | train_loss=9.4073e-04 | train_eval_loss=8.5695e-04 | val_loss=8.4982e-04 | | lr=1.00e-03
Epoch 084 | train_loss=9.0774e-04 | train_eval_loss=8.7602e-04 | val_loss=8.8588e-04 | | lr=1.00e-03
Epoch 085 | train_loss=8.8887e-04 | train_eval_loss=8.8952e-04 | val_loss=8.9085e-04 | | lr=1.00e-03
Epoch 086 | train_loss=9.0980e-04 | train_eval_loss=8.3996e-04 | val_loss=8.4171e-04 | | lr=1.00e-03
Saved best model to results/thesis_model_results/outputs/mlp_she_style_comparison/MLP__mse__minmax__seed42__data_target_colsDelta_P_IBR_1_Delta_P_IBR_2_Delta_P_IBR_3_Delta_P_IBR_4/mlp_state_dict_best.pt
Epoch 087 | train_loss=8.7214e-04 | train_eval_loss=8.5766e-04 | val_loss=8.5416e-04 | | lr=1.00e-03
Epoch 088 | train_loss=8.7658e-04 | train_eval_loss=8.9960e-04 | val_loss=9.0883e-04 | | lr=1.00e-03
Epoch 089 | train_loss=9.0992e-04 | train_eval_loss=9.5782e-04 | val_loss=9.6289e-04 | | lr=1.00e-03
Epoch 090 | train_loss=8.7749e-04 | train_eval_loss=1.0734e-03 | val_loss=1.0694e-03 | | lr=1.00e-03
Epoch 091 | train_loss=8.5392e-04 | train_eval_loss=8.6326e-04 | val_loss=8.7284e-04 | | lr=1.00e-03
Epoch 092 | train_loss=8.4511e-04 | train_eval_loss=8.5715e-04 | val_loss=8.6123e-04 | | lr=1.00e-03
Epoch 093 | train_loss=8.6376e-04 | train_eval_loss=1.2272e-03 | val_loss=1.2376e-03 | | lr=1.00e-03
Epoch 094 | train_loss=8.6854e-04 | train_eval_loss=8.0211e-04 | val_loss=8.1501e-04 | | lr=1.00e-03
Saved best model to results/thesis_model_results/outputs/mlp_she_style_comparison/MLP__mse__minmax__seed42__data_target_colsDelta_P_IBR_1_Delta_P_IBR_2_Delta_P_IBR_3_Delta_P_IBR_4/mlp_state_dict_best.pt
Epoch 095 | train_loss=8.5031e-04 | train_eval_loss=9.1958e-04 | val_loss=9.5041e-04 | | lr=1.00e-03
Epoch 096 | train_loss=8.2525e-04 | train_eval_loss=7.8680e-04 | val_loss=7.9586e-04 | | lr=1.00e-03
Saved best model to results/thesis_model_results/outputs/mlp_she_style_comparison/MLP__mse__minmax__seed42__data_target_colsDelta_P_IBR_1_Delta_P_IBR_2_Delta_P_IBR_3_Delta_P_IBR_4/mlp_state_dict_best.pt
Epoch 097 | train_loss=8.1719e-04 | train_eval_loss=9.0572e-04 | val_loss=9.0703e-04 | | lr=1.00e-03
Epoch 098 | train_loss=8.2480e-04 | train_eval_loss=7.9541e-04 | val_loss=8.1130e-04 | | lr=1.00e-03
Epoch 099 | train_loss=8.1622e-04 | train_eval_loss=7.4366e-04 | val_loss=7.5418e-04 | | lr=1.00e-03
Saved best model to results/thesis_model_results/outputs/mlp_she_style_comparison/MLP__mse__minmax__seed42__data_target_colsDelta_P_IBR_1_Delta_P_IBR_2_Delta_P_IBR_3_Delta_P_IBR_4/mlp_state_dict_best.pt
Epoch 100 | train_loss=8.0219e-04 | train_eval_loss=8.7623e-04 | val_loss=8.8946e-04 | | lr=1.00e-03
Epoch 101 | train_loss=8.6766e-04 | train_eval_loss=7.9289e-04 | val_loss=7.9851e-04 | | lr=1.00e-03
Epoch 102 | train_loss=8.0856e-04 | train_eval_loss=7.5914e-04 | val_loss=7.8434e-04 | | lr=1.00e-03
Epoch 103 | train_loss=8.2523e-04 | train_eval_loss=7.9598e-04 | val_loss=8.1649e-04 | | lr=1.00e-03
Epoch 104 | train_loss=8.0122e-04 | train_eval_loss=7.8848e-04 | val_loss=7.9373e-04 | | lr=1.00e-03
Epoch 105 | train_loss=8.2688e-04 | train_eval_loss=7.6219e-04 | val_loss=7.7034e-04 | | lr=1.00e-03
Epoch 106 | train_loss=7.9638e-04 | train_eval_loss=7.9173e-04 | val_loss=8.0848e-04 | | lr=1.00e-03
Epoch 107 | train_loss=8.0608e-04 | train_eval_loss=7.6099e-04 | val_loss=7.9015e-04 | | lr=1.00e-03
Epoch 108 | train_loss=7.9731e-04 | train_eval_loss=8.1811e-04 | val_loss=8.2033e-04 | | lr=1.00e-03
Epoch 109 | train_loss=6.8953e-04 | train_eval_loss=7.2560e-04 | val_loss=7.4923e-04 | | lr=5.00e-04
Saved best model to results/thesis_model_results/outputs/mlp_she_style_comparison/MLP__mse__minmax__seed42__data_target_colsDelta_P_IBR_1_Delta_P_IBR_2_Delta_P_IBR_3_Delta_P_IBR_4/mlp_state_dict_best.pt
Epoch 110 | train_loss=6.8771e-04 | train_eval_loss=6.7735e-04 | val_loss=6.9052e-04 | | lr=5.00e-04
Saved best model to results/thesis_model_results/outputs/mlp_she_style_comparison/MLP__mse__minmax__seed42__data_target_colsDelta_P_IBR_1_Delta_P_IBR_2_Delta_P_IBR_3_Delta_P_IBR_4/mlp_state_dict_best.pt
Epoch 111 | train_loss=6.9455e-04 | train_eval_loss=6.6456e-04 | val_loss=6.8498e-04 | | lr=5.00e-04
Saved best model to results/thesis_model_results/outputs/mlp_she_style_comparison/MLP__mse__minmax__seed42__data_target_colsDelta_P_IBR_1_Delta_P_IBR_2_Delta_P_IBR_3_Delta_P_IBR_4/mlp_state_dict_best.pt
Epoch 112 | train_loss=6.7731e-04 | train_eval_loss=6.6472e-04 | val_loss=6.8973e-04 | | lr=5.00e-04
Epoch 113 | train_loss=6.7859e-04 | train_eval_loss=6.7547e-04 | val_loss=6.9272e-04 | | lr=5.00e-04
Epoch 114 | train_loss=6.5910e-04 | train_eval_loss=6.6147e-04 | val_loss=6.8498e-04 | | lr=5.00e-04
Saved best model to results/thesis_model_results/outputs/mlp_she_style_comparison/MLP__mse__minmax__seed42__data_target_colsDelta_P_IBR_1_Delta_P_IBR_2_Delta_P_IBR_3_Delta_P_IBR_4/mlp_state_dict_best.pt
Epoch 115 | train_loss=6.7107e-04 | train_eval_loss=6.6899e-04 | val_loss=6.8888e-04 | | lr=5.00e-04
Epoch 116 | train_loss=6.6418e-04 | train_eval_loss=6.7150e-04 | val_loss=6.9122e-04 | | lr=5.00e-04
Epoch 117 | train_loss=6.7648e-04 | train_eval_loss=6.6009e-04 | val_loss=6.8127e-04 | | lr=5.00e-04
Saved best model to results/thesis_model_results/outputs/mlp_she_style_comparison/MLP__mse__minmax__seed42__data_target_colsDelta_P_IBR_1_Delta_P_IBR_2_Delta_P_IBR_3_Delta_P_IBR_4/mlp_state_dict_best.pt
Epoch 118 | train_loss=6.6189e-04 | train_eval_loss=6.4853e-04 | val_loss=6.7659e-04 | | lr=5.00e-04
Saved best model to results/thesis_model_results/outputs/mlp_she_style_comparison/MLP__mse__minmax__seed42__data_target_colsDelta_P_IBR_1_Delta_P_IBR_2_Delta_P_IBR_3_Delta_P_IBR_4/mlp_state_dict_best.pt
Epoch 119 | train_loss=6.7374e-04 | train_eval_loss=6.7895e-04 | val_loss=7.1061e-04 | | lr=5.00e-04
Epoch 120 | train_loss=6.6304e-04 | train_eval_loss=6.5388e-04 | val_loss=6.7649e-04 | | lr=5.00e-04
Saved best model to results/thesis_model_results/outputs/mlp_she_style_comparison/MLP__mse__minmax__seed42__data_target_colsDelta_P_IBR_1_Delta_P_IBR_2_Delta_P_IBR_3_Delta_P_IBR_4/mlp_state_dict_best.pt
Epoch 121 | train_loss=6.6590e-04 | train_eval_loss=6.5679e-04 | val_loss=6.7983e-04 | | lr=5.00e-04
Epoch 122 | train_loss=6.4997e-04 | train_eval_loss=6.8405e-04 | val_loss=7.1059e-04 | | lr=5.00e-04
Epoch 123 | train_loss=6.6201e-04 | train_eval_loss=6.3866e-04 | val_loss=6.6929e-04 | | lr=5.00e-04
Saved best model to results/thesis_model_results/outputs/mlp_she_style_comparison/MLP__mse__minmax__seed42__data_target_colsDelta_P_IBR_1_Delta_P_IBR_2_Delta_P_IBR_3_Delta_P_IBR_4/mlp_state_dict_best.pt
Epoch 124 | train_loss=7.0436e-04 | train_eval_loss=6.5726e-04 | val_loss=6.7113e-04 | | lr=5.00e-04
Epoch 125 | train_loss=6.7589e-04 | train_eval_loss=6.5947e-04 | val_loss=6.8493e-04 | | lr=5.00e-04
Epoch 126 | train_loss=6.4410e-04 | train_eval_loss=6.3474e-04 | val_loss=6.6391e-04 | | lr=5.00e-04
Saved best model to results/thesis_model_results/outputs/mlp_she_style_comparison/MLP__mse__minmax__seed42__data_target_colsDelta_P_IBR_1_Delta_P_IBR_2_Delta_P_IBR_3_Delta_P_IBR_4/mlp_state_dict_best.pt
Epoch 127 | train_loss=6.7020e-04 | train_eval_loss=6.7599e-04 | val_loss=6.9319e-04 | | lr=5.00e-04
Epoch 128 | train_loss=6.5703e-04 | train_eval_loss=6.3871e-04 | val_loss=6.6211e-04 | | lr=5.00e-04
Saved best model to results/thesis_model_results/outputs/mlp_she_style_comparison/MLP__mse__minmax__seed42__data_target_colsDelta_P_IBR_1_Delta_P_IBR_2_Delta_P_IBR_3_Delta_P_IBR_4/mlp_state_dict_best.pt
Epoch 129 | train_loss=6.5822e-04 | train_eval_loss=6.2409e-04 | val_loss=6.6126e-04 | | lr=5.00e-04
Saved best model to results/thesis_model_results/outputs/mlp_she_style_comparison/MLP__mse__minmax__seed42__data_target_colsDelta_P_IBR_1_Delta_P_IBR_2_Delta_P_IBR_3_Delta_P_IBR_4/mlp_state_dict_best.pt
Epoch 130 | train_loss=6.4001e-04 | train_eval_loss=6.2909e-04 | val_loss=6.5715e-04 | | lr=5.00e-04
Saved best model to results/thesis_model_results/outputs/mlp_she_style_comparison/MLP__mse__minmax__seed42__data_target_colsDelta_P_IBR_1_Delta_P_IBR_2_Delta_P_IBR_3_Delta_P_IBR_4/mlp_state_dict_best.pt
Epoch 131 | train_loss=6.3768e-04 | train_eval_loss=6.2855e-04 | val_loss=6.5993e-04 | | lr=5.00e-04
Epoch 132 | train_loss=6.2540e-04 | train_eval_loss=5.9869e-04 | val_loss=6.3415e-04 | | lr=5.00e-04
Saved best model to results/thesis_model_results/outputs/mlp_she_style_comparison/MLP__mse__minmax__seed42__data_target_colsDelta_P_IBR_1_Delta_P_IBR_2_Delta_P_IBR_3_Delta_P_IBR_4/mlp_state_dict_best.pt
Epoch 133 | train_loss=6.5060e-04 | train_eval_loss=6.4810e-04 | val_loss=6.7057e-04 | | lr=5.00e-04
Epoch 134 | train_loss=6.4108e-04 | train_eval_loss=6.2855e-04 | val_loss=6.4318e-04 | | lr=5.00e-04
Epoch 135 | train_loss=6.4331e-04 | train_eval_loss=6.1560e-04 | val_loss=6.4695e-04 | | lr=5.00e-04
Epoch 136 | train_loss=6.3634e-04 | train_eval_loss=6.4161e-04 | val_loss=6.7334e-04 | | lr=5.00e-04
Epoch 137 | train_loss=6.2468e-04 | train_eval_loss=6.2082e-04 | val_loss=6.5648e-04 | | lr=5.00e-04
Epoch 138 | train_loss=6.3495e-04 | train_eval_loss=6.1151e-04 | val_loss=6.4130e-04 | | lr=5.00e-04
Epoch 139 | train_loss=6.2137e-04 | train_eval_loss=6.2845e-04 | val_loss=6.4870e-04 | | lr=5.00e-04
Epoch 140 | train_loss=6.2940e-04 | train_eval_loss=6.0260e-04 | val_loss=6.3982e-04 | | lr=5.00e-04
Epoch 141 | train_loss=6.2564e-04 | train_eval_loss=6.0835e-04 | val_loss=6.3949e-04 | | lr=5.00e-04
Epoch 142 | train_loss=5.7461e-04 | train_eval_loss=5.6306e-04 | val_loss=5.9917e-04 | | lr=2.50e-04
Saved best model to results/thesis_model_results/outputs/mlp_she_style_comparison/MLP__mse__minmax__seed42__data_target_colsDelta_P_IBR_1_Delta_P_IBR_2_Delta_P_IBR_3_Delta_P_IBR_4/mlp_state_dict_best.pt
Epoch 143 | train_loss=5.7504e-04 | train_eval_loss=5.6638e-04 | val_loss=6.0433e-04 | | lr=2.50e-04
Epoch 144 | train_loss=5.6725e-04 | train_eval_loss=5.8181e-04 | val_loss=6.1735e-04 | | lr=2.50e-04
Epoch 145 | train_loss=5.7351e-04 | train_eval_loss=5.8837e-04 | val_loss=6.1926e-04 | | lr=2.50e-04
Epoch 146 | train_loss=5.6744e-04 | train_eval_loss=5.6126e-04 | val_loss=6.0324e-04 | | lr=2.50e-04
Epoch 147 | train_loss=5.6536e-04 | train_eval_loss=5.6201e-04 | val_loss=5.9558e-04 | | lr=2.50e-04
Saved best model to results/thesis_model_results/outputs/mlp_she_style_comparison/MLP__mse__minmax__seed42__data_target_colsDelta_P_IBR_1_Delta_P_IBR_2_Delta_P_IBR_3_Delta_P_IBR_4/mlp_state_dict_best.pt
Epoch 148 | train_loss=5.6907e-04 | train_eval_loss=5.7078e-04 | val_loss=6.0970e-04 | | lr=2.50e-04
Epoch 149 | train_loss=5.6479e-04 | train_eval_loss=5.6210e-04 | val_loss=5.9095e-04 | | lr=2.50e-04
Saved best model to results/thesis_model_results/outputs/mlp_she_style_comparison/MLP__mse__minmax__seed42__data_target_colsDelta_P_IBR_1_Delta_P_IBR_2_Delta_P_IBR_3_Delta_P_IBR_4/mlp_state_dict_best.pt
Epoch 150 | train_loss=5.6798e-04 | train_eval_loss=5.9038e-04 | val_loss=6.2246e-04 | | lr=2.50e-04
Epoch 151 | train_loss=5.7181e-04 | train_eval_loss=5.6374e-04 | val_loss=6.0053e-04 | | lr=2.50e-04
Epoch 152 | train_loss=5.7380e-04 | train_eval_loss=5.6720e-04 | val_loss=6.1028e-04 | | lr=2.50e-04
Epoch 153 | train_loss=5.6243e-04 | train_eval_loss=5.6435e-04 | val_loss=6.0632e-04 | | lr=2.50e-04
Epoch 154 | train_loss=5.6534e-04 | train_eval_loss=5.7609e-04 | val_loss=6.1892e-04 | | lr=2.50e-04
Epoch 155 | train_loss=5.6758e-04 | train_eval_loss=5.6396e-04 | val_loss=6.1193e-04 | | lr=2.50e-04
Epoch 156 | train_loss=5.7304e-04 | train_eval_loss=5.5976e-04 | val_loss=6.0079e-04 | | lr=2.50e-04
Epoch 157 | train_loss=5.6432e-04 | train_eval_loss=5.6963e-04 | val_loss=6.1772e-04 | | lr=2.50e-04
Epoch 158 | train_loss=5.7870e-04 | train_eval_loss=5.5410e-04 | val_loss=5.9650e-04 | | lr=2.50e-04
Epoch 159 | train_loss=5.3971e-04 | train_eval_loss=5.3375e-04 | val_loss=5.7446e-04 | | lr=1.25e-04
Saved best model to results/thesis_model_results/outputs/mlp_she_style_comparison/MLP__mse__minmax__seed42__data_target_colsDelta_P_IBR_1_Delta_P_IBR_2_Delta_P_IBR_3_Delta_P_IBR_4/mlp_state_dict_best.pt
Epoch 160 | train_loss=5.3418e-04 | train_eval_loss=5.3268e-04 | val_loss=5.7521e-04 | | lr=1.25e-04
Epoch 161 | train_loss=5.3311e-04 | train_eval_loss=5.2677e-04 | val_loss=5.7392e-04 | | lr=1.25e-04
Saved best model to results/thesis_model_results/outputs/mlp_she_style_comparison/MLP__mse__minmax__seed42__data_target_colsDelta_P_IBR_1_Delta_P_IBR_2_Delta_P_IBR_3_Delta_P_IBR_4/mlp_state_dict_best.pt
Epoch 162 | train_loss=5.3027e-04 | train_eval_loss=5.2680e-04 | val_loss=5.6678e-04 | | lr=1.25e-04
Saved best model to results/thesis_model_results/outputs/mlp_she_style_comparison/MLP__mse__minmax__seed42__data_target_colsDelta_P_IBR_1_Delta_P_IBR_2_Delta_P_IBR_3_Delta_P_IBR_4/mlp_state_dict_best.pt
Epoch 163 | train_loss=5.3564e-04 | train_eval_loss=5.6944e-04 | val_loss=6.1454e-04 | | lr=1.25e-04
Epoch 164 | train_loss=5.3839e-04 | train_eval_loss=5.3070e-04 | val_loss=5.7283e-04 | | lr=1.25e-04
Epoch 165 | train_loss=5.3761e-04 | train_eval_loss=5.2203e-04 | val_loss=5.6466e-04 | | lr=1.25e-04
Saved best model to results/thesis_model_results/outputs/mlp_she_style_comparison/MLP__mse__minmax__seed42__data_target_colsDelta_P_IBR_1_Delta_P_IBR_2_Delta_P_IBR_3_Delta_P_IBR_4/mlp_state_dict_best.pt
Epoch 166 | train_loss=5.3286e-04 | train_eval_loss=5.2003e-04 | val_loss=5.6311e-04 | | lr=1.25e-04
Saved best model to results/thesis_model_results/outputs/mlp_she_style_comparison/MLP__mse__minmax__seed42__data_target_colsDelta_P_IBR_1_Delta_P_IBR_2_Delta_P_IBR_3_Delta_P_IBR_4/mlp_state_dict_best.pt
Epoch 167 | train_loss=5.3018e-04 | train_eval_loss=5.3470e-04 | val_loss=5.7832e-04 | | lr=1.25e-04
Epoch 168 | train_loss=5.3467e-04 | train_eval_loss=5.3412e-04 | val_loss=5.7465e-04 | | lr=1.25e-04
Epoch 169 | train_loss=5.3582e-04 | train_eval_loss=5.3623e-04 | val_loss=5.8433e-04 | | lr=1.25e-04
Epoch 170 | train_loss=5.2872e-04 | train_eval_loss=5.2506e-04 | val_loss=5.6762e-04 | | lr=1.25e-04
Epoch 171 | train_loss=5.3560e-04 | train_eval_loss=5.3276e-04 | val_loss=5.7445e-04 | | lr=1.25e-04
Epoch 172 | train_loss=5.3131e-04 | train_eval_loss=5.2034e-04 | val_loss=5.6187e-04 | | lr=1.25e-04
Saved best model to results/thesis_model_results/outputs/mlp_she_style_comparison/MLP__mse__minmax__seed42__data_target_colsDelta_P_IBR_1_Delta_P_IBR_2_Delta_P_IBR_3_Delta_P_IBR_4/mlp_state_dict_best.pt
Epoch 173 | train_loss=5.2664e-04 | train_eval_loss=5.3476e-04 | val_loss=5.7934e-04 | | lr=1.25e-04
Epoch 174 | train_loss=5.3306e-04 | train_eval_loss=5.3844e-04 | val_loss=5.8742e-04 | | lr=1.25e-04
Epoch 175 | train_loss=5.3002e-04 | train_eval_loss=5.1785e-04 | val_loss=5.6521e-04 | | lr=1.25e-04
Epoch 176 | train_loss=5.2395e-04 | train_eval_loss=5.1791e-04 | val_loss=5.6775e-04 | | lr=1.25e-04
Epoch 177 | train_loss=5.2449e-04 | train_eval_loss=5.3048e-04 | val_loss=5.6381e-04 | | lr=1.25e-04
Epoch 178 | train_loss=5.2342e-04 | train_eval_loss=5.1956e-04 | val_loss=5.6525e-04 | | lr=1.25e-04
Epoch 179 | train_loss=5.2626e-04 | train_eval_loss=5.2332e-04 | val_loss=5.6893e-04 | | lr=1.25e-04
Epoch 180 | train_loss=5.2756e-04 | train_eval_loss=5.2669e-04 | val_loss=5.7576e-04 | | lr=1.25e-04
Epoch 181 | train_loss=5.2309e-04 | train_eval_loss=5.1621e-04 | val_loss=5.6299e-04 | | lr=1.25e-04
Epoch 182 | train_loss=5.1240e-04 | train_eval_loss=5.0626e-04 | val_loss=5.5361e-04 | | lr=6.25e-05
Saved best model to results/thesis_model_results/outputs/mlp_she_style_comparison/MLP__mse__minmax__seed42__data_target_colsDelta_P_IBR_1_Delta_P_IBR_2_Delta_P_IBR_3_Delta_P_IBR_4/mlp_state_dict_best.pt
Epoch 183 | train_loss=5.0854e-04 | train_eval_loss=5.0965e-04 | val_loss=5.6054e-04 | | lr=6.25e-05
Epoch 184 | train_loss=5.1001e-04 | train_eval_loss=5.0391e-04 | val_loss=5.5216e-04 | | lr=6.25e-05
Saved best model to results/thesis_model_results/outputs/mlp_she_style_comparison/MLP__mse__minmax__seed42__data_target_colsDelta_P_IBR_1_Delta_P_IBR_2_Delta_P_IBR_3_Delta_P_IBR_4/mlp_state_dict_best.pt
Epoch 185 | train_loss=5.0906e-04 | train_eval_loss=5.0221e-04 | val_loss=5.4811e-04 | | lr=6.25e-05
Saved best model to results/thesis_model_results/outputs/mlp_she_style_comparison/MLP__mse__minmax__seed42__data_target_colsDelta_P_IBR_1_Delta_P_IBR_2_Delta_P_IBR_3_Delta_P_IBR_4/mlp_state_dict_best.pt
Epoch 186 | train_loss=5.0946e-04 | train_eval_loss=5.1050e-04 | val_loss=5.6093e-04 | | lr=6.25e-05
Epoch 187 | train_loss=5.0970e-04 | train_eval_loss=5.0524e-04 | val_loss=5.5207e-04 | | lr=6.25e-05
Epoch 188 | train_loss=5.0857e-04 | train_eval_loss=5.0296e-04 | val_loss=5.5424e-04 | | lr=6.25e-05
Epoch 189 | train_loss=5.0927e-04 | train_eval_loss=5.0080e-04 | val_loss=5.4677e-04 | | lr=6.25e-05
Saved best model to results/thesis_model_results/outputs/mlp_she_style_comparison/MLP__mse__minmax__seed42__data_target_colsDelta_P_IBR_1_Delta_P_IBR_2_Delta_P_IBR_3_Delta_P_IBR_4/mlp_state_dict_best.pt
Epoch 190 | train_loss=5.0757e-04 | train_eval_loss=5.0345e-04 | val_loss=5.5406e-04 | | lr=6.25e-05
Epoch 191 | train_loss=5.0791e-04 | train_eval_loss=5.0969e-04 | val_loss=5.6007e-04 | | lr=6.25e-05
Epoch 192 | train_loss=5.0683e-04 | train_eval_loss=5.0614e-04 | val_loss=5.5927e-04 | | lr=6.25e-05
Epoch 193 | train_loss=5.0897e-04 | train_eval_loss=5.0881e-04 | val_loss=5.5723e-04 | | lr=6.25e-05
Epoch 194 | train_loss=5.0793e-04 | train_eval_loss=5.0271e-04 | val_loss=5.5337e-04 | | lr=6.25e-05
Epoch 195 | train_loss=5.0538e-04 | train_eval_loss=4.9868e-04 | val_loss=5.4736e-04 | | lr=6.25e-05
Epoch 196 | train_loss=5.0699e-04 | train_eval_loss=5.0529e-04 | val_loss=5.5015e-04 | | lr=6.25e-05
Epoch 197 | train_loss=5.0669e-04 | train_eval_loss=5.0298e-04 | val_loss=5.5135e-04 | | lr=6.25e-05
Epoch 198 | train_loss=5.0613e-04 | train_eval_loss=5.0101e-04 | val_loss=5.4985e-04 | | lr=6.25e-05
Epoch 199 | train_loss=5.0030e-04 | train_eval_loss=4.9703e-04 | val_loss=5.4756e-04 | | lr=3.13e-05
Epoch 200 | train_loss=5.0007e-04 | train_eval_loss=4.9625e-04 | val_loss=5.4749e-04 | | lr=3.13e-05
Saved training logs to results/thesis_model_results/outputs/mlp_she_style_comparison/MLP__mse__minmax__seed42__data_target_colsDelta_P_IBR_1_Delta_P_IBR_2_Delta_P_IBR_3_Delta_P_IBR_4/training_summary.txt
Test RMSE(Delta_P_IBR_1) = 0.1236 | norm: 0.0195 | real_diff: 0.0844
Test RMSE(Delta_P_IBR_2) = 0.1126 | norm: 0.0157 | real_diff: 0.0674
Test RMSE(Delta_P_IBR_3) = 0.1867 | norm: 0.0328 | real_diff: 0.0969
Test RMSE(Delta_P_IBR_4) = 0.2025 | norm: 0.0209 | real_diff: 0.1314
Saved RMSE results to results/thesis_model_results/outputs/mlp_she_style_comparison/MLP__mse__minmax__seed42__data_target_colsDelta_P_IBR_1_Delta_P_IBR_2_Delta_P_IBR_3_Delta_P_IBR_4/rmse_results.txt
Saved detailed metrics to results/thesis_model_results/outputs/mlp_she_style_comparison/MLP__mse__minmax__seed42__data_target_colsDelta_P_IBR_1_Delta_P_IBR_2_Delta_P_IBR_3_Delta_P_IBR_4/metrics_by_target.csv
Saved aggregate metrics to results/thesis_model_results/outputs/mlp_she_style_comparison/MLP__mse__minmax__seed42__data_target_colsDelta_P_IBR_1_Delta_P_IBR_2_Delta_P_IBR_3_Delta_P_IBR_4/metrics_summary.json
Saved test predictions to results/thesis_model_results/outputs/mlp_she_style_comparison/MLP__mse__minmax__seed42__data_target_colsDelta_P_IBR_1_Delta_P_IBR_2_Delta_P_IBR_3_Delta_P_IBR_4/test_predictions.csv
Saved loss curves to results/thesis_model_results/outputs/mlp_she_style_comparison/MLP__mse__minmax__seed42__data_target_colsDelta_P_IBR_1_Delta_P_IBR_2_Delta_P_IBR_3_Delta_P_IBR_4/loss_curve.png
Saved scatter plot results/thesis_model_results/outputs/mlp_she_style_comparison/MLP__mse__minmax__seed42__data_target_colsDelta_P_IBR_1_Delta_P_IBR_2_Delta_P_IBR_3_Delta_P_IBR_4/scatter_Delta_P_IBR_1.png
Saved scatter plot results/thesis_model_results/outputs/mlp_she_style_comparison/MLP__mse__minmax__seed42__data_target_colsDelta_P_IBR_1_Delta_P_IBR_2_Delta_P_IBR_3_Delta_P_IBR_4/scatter_Delta_P_IBR_2.png
Saved scatter plot results/thesis_model_results/outputs/mlp_she_style_comparison/MLP__mse__minmax__seed42__data_target_colsDelta_P_IBR_1_Delta_P_IBR_2_Delta_P_IBR_3_Delta_P_IBR_4/scatter_Delta_P_IBR_3.png
Saved scatter plot results/thesis_model_results/outputs/mlp_she_style_comparison/MLP__mse__minmax__seed42__data_target_colsDelta_P_IBR_1_Delta_P_IBR_2_Delta_P_IBR_3_Delta_P_IBR_4/scatter_Delta_P_IBR_4.png
Saved model to results/thesis_model_results/outputs/mlp_she_style_comparison/MLP__mse__minmax__seed42__data_target_colsDelta_P_IBR_1_Delta_P_IBR_2_Delta_P_IBR_3_Delta_P_IBR_4/mlp_state_dict.pt
Saved summary to results/thesis_model_results/tables/mlp_she_style_comparison.csv
Saved summary to results/thesis_model_results/tables/mlp_she_style_comparison_by_label.csv
FINISHED AT Thu Apr  2 12:58:09 AM CEST 2026
